[    0.000000] Booting Linux on physical CPU 0x0
[    0.000000] Linux version 4.14.0+ (ubuntu@ubuntu) (gcc version 11.4.0 (Ubuntu 11.4.0-1ubuntu1~22.04.3)) #1 SMP PREEMPT Mon May 25 11:12:48 UTC 2026
[    0.000000] Boot CPU: AArch64 Processor [410fd070]
[    0.000000] Machine model: V2P-CA15
[    0.000000] Memory limited to 2048MB
[    0.000000] cma: Reserved 16 MiB at 0x00000000ff000000
[    0.000000] random: fast init done
[    0.000000] percpu: Embedded 21 pages/cpu @ffffffc07efd8000 s45464 r8192 d32360 u86016
[    0.000000] Detected PIPT I-cache on CPU0
[    0.000000] CPU features: enabling workaround for ARM erratum 832075
[    0.000000] CPU features: enabling workaround for ARM erratum 834220
[    0.000000] Built 1 zonelists, mobility grouping on.  Total pages: 516096
[    0.000000] Kernel command line: console=ttyAMA0 lpj=19988480 norandmaps root=/dev/ram rw mem=2GB urma_fast
[    0.000000] PID hash table entries: 4096 (order: 3, 32768 bytes)
[    0.000000] Dentry cache hash table entries: 262144 (order: 9, 2097152 bytes)
[    0.000000] Inode-cache hash table entries: 131072 (order: 8, 1048576 bytes)
[    0.000000] Memory: 2032100K/2097152K available (6078K kernel code, 472K rwdata, 3312K rodata, 384K init, 262K bss, 48668K reserved, 16384K cma-reserved)
[    0.000000] Virtual kernel memory layout:
[    0.000000]     modules : 0xffffff8000000000 - 0xffffff8008000000   (   128 MB)
[    0.000000]     vmalloc : 0xffffff8008000000 - 0xffffffbebfff0000   (   250 GB)
[    0.000000]       .text : 0xffffff8008080000 - 0xffffff8008670000   (  6080 KB)
[    0.000000]     .rodata : 0xffffff8008670000 - 0xffffff80089b0000   (  3328 KB)
[    0.000000]       .init : 0xffffff80089b0000 - 0xffffff8008a10000   (   384 KB)
[    0.000000]       .data : 0xffffff8008a10000 - 0xffffff8008a86008   (   473 KB)
[    0.000000]        .bss : 0xffffff8008a86008 - 0xffffff8008ac7970   (   263 KB)
[    0.000000]     fixed   : 0xffffffbefe7fd000 - 0xffffffbefec00000   (  4108 KB)
[    0.000000]     PCI I/O : 0xffffffbefee00000 - 0xffffffbeffe00000   (    16 MB)
[    0.000000]     vmemmap : 0xffffffbf00000000 - 0xffffffc000000000   (     4 GB maximum)
[    0.000000]               0xffffffbf00000000 - 0xffffffbf02000000   (    32 MB actual)
[    0.000000]     memory  : 0xffffffc000000000 - 0xffffffc080000000   (  2048 MB)
[    0.000000] SLUB: HWalign=64, Order=0-3, MinObjects=0, CPUs=1, Nodes=1
[    0.000000] Preemptible hierarchical RCU implementation.
[    0.000000] 	RCU restricting CPUs from NR_CPUS=256 to nr_cpu_ids=1.
[    0.000000] 	Tasks RCU enabled.
[    0.000000] RCU: Adjusting geometry for rcu_fanout_leaf=16, nr_cpu_ids=1
[    0.000000] NR_IRQS: 64, nr_irqs: 64, preallocated irqs: 0
[    0.000000] clk_gem5_energy_ctrl: No cpu-map in DT! Falling back to old detection method!
[    0.000000] clk_gem5_energy_ctrl: No clusters in DT! Falling back to using CPU topology!
[    0.000160] sched_clock: 32 bits at 24MHz, resolution 41ns, wraps every 89478484971ns
[    0.008506] arch_timer: Unable to find a suitable frame in timer @ 0x000000002a810000
[    0.008864] Failed to initialize '/timer@2a810000': -22
[    0.014647] Console: colour dummy device 80x25
[    0.015122] Calibrating delay loop (skipped) preset value.. 9994.24 BogoMIPS (lpj=19988480)
[    0.015628] pid_max: default: 32768 minimum: 301
[    0.019267] Mount-cache hash table entries: 4096 (order: 3, 32768 bytes)
[    0.019833] Mountpoint-cache hash table entries: 4096 (order: 3, 32768 bytes)
[    0.056235] ASID allocator initialised with 256 entries
[    0.063945] Hierarchical SRCU implementation.
[    0.098287] smp: Bringing up secondary CPUs ...
[    0.098692] smp: Brought up 1 node, 1 CPU
[    0.099045] SMP: Total of 1 processors activated.
[    0.099443] CPU features: detected feature: Privileged Access Never
[    0.099835] CPU features: detected feature: User Access Override
[    0.100225] CPU features: detected feature: 32-bit EL0 Support
[    0.103921] CPU: All CPU(s) started at EL2
[    0.104433] alternatives: patching kernel code
[    0.149691] devtmpfs: initialized
[    0.220187] clocksource: jiffies: mask: 0xffffffff max_cycles: 0xffffffff, max_idle_ns: 7645041785100000 ns
[    0.220693] futex hash table entries: 256 (order: 3, 32768 bytes)
[    0.394803] NET: Registered protocol family 16
[    0.698490] cpuidle: using governor menu
[    0.706380] vdso: 2 pages (1 code @ ffffff8008676000, 1 data @ ffffff8008a14000)
[    0.706884] hw-breakpoint: found 16 breakpoint and 16 watchpoint registers.
[    0.750144] DMA: preallocated 256 KiB pool for atomic allocations
[    0.750480] Serial: AMBA PL011 UART driver
[    0.772169] OF: amba_device_add() failed (-2) for /watchdog@2a490000
[    0.801213] OF: amba_device_add() failed (-2) for /watchdog@2b060000
[    0.816920] 1c090000.uart: ttyAMA0 at MMIO 0x1c090000 (irq = 13, base_baud = 0) is a PL011 rev3
[    0.852122] console [ttyAMA0] enabled
[    0.876021] 1c0a0000.uart: ttyAMA1 at MMIO 0x1c0a0000 (irq = 14, base_baud = 0) is a PL011 rev3
[    0.905588] 1c0b0000.uart: ttyAMA2 at MMIO 0x1c0b0000 (irq = 15, base_baud = 0) is a PL011 rev3
[    0.934894] 1c0c0000.uart: ttyAMA3 at MMIO 0x1c0c0000 (irq = 16, base_baud = 0) is a PL011 rev3
[    0.956719] OF: amba_device_add() failed (-2) for /kmi@1c060000
[    0.963044] OF: amba_device_add() failed (-2) for /kmi@1c070000
[    0.970265] OF: /watchdog@1c0f0000: could not find phandle
[    0.970961] ERROR: could not get clock /watchdog@1c0f0000:apb_pclk(1)
[    0.971757] OF: amba_device_add() failed (-2) for /watchdog@1c0f0000
[    0.978131] OF: /rtc@1c170000: could not find phandle
[    0.978805] ERROR: could not get clock /rtc@1c170000:apb_pclk(0)
[    0.979579] OF: amba_device_add() failed (-2) for /rtc@1c170000
[    1.959152] HugeTLB registered 2.00 MiB page size, pre-allocated 0 pages
[    2.006558] vgaarb: loaded
[    2.024770] SCSI subsystem initialized
[    2.076226] usbcore: registered new interface driver usbfs
[    2.082138] usbcore: registered new interface driver hub
[    2.087952] usbcore: registered new device driver usb
[    2.103043] pps_core: LinuxPPS API ver. 1 registered
[    2.103656] pps_core: Software ver. 5.3.6 - Copyright 2005-2007 Rodolfo Giometti <giometti@linux.it>
[    2.113655] PTP clock support registered
[    2.691056] NET: Registered protocol family 2
[    2.709763] TCP established hash table entries: 16384 (order: 5, 131072 bytes)
[    2.720540] TCP bind hash table entries: 16384 (order: 6, 262144 bytes)
[    2.734052] TCP: Hash tables configured (established 16384 bind 16384)
[    2.736609] UDP hash table entries: 1024 (order: 3, 32768 bytes)
[    2.739363] UDP-Lite hash table entries: 1024 (order: 3, 32768 bytes)
[    2.745891] NET: Registered protocol family 1
[    2.760224] RPC: Registered named UNIX socket transport module.
[    2.760762] RPC: Registered udp transport module.
[    2.761253] RPC: Registered tcp transport module.
[    2.762046] RPC: Registered tcp NFSv4.1 backchannel transport module.
[    2.768048] Unpacking initramfs...
[    2.935850] Freeing initrd memory: 2076K
[    2.946040] kvm [1]: 16-bit VMID
[    2.946588] kvm [1]: IDMAP page: 80667000
[    2.947195] kvm [1]: HYP VA range: 4000000000:7fffffffff
[    2.965739] kvm [1]: vgic-v2@2c004000
[    2.967631] kvm [1]: vgic interrupt IRQ1
[    2.968192] kvm [1]: kvm_arch_timer: uninitialized timecounter
[    3.036246] workingset: timestamp_bits=62 max_order=19 bucket_order=0
[    3.610548] fuse init (API version 7.26)
[    3.677078] io scheduler noop registered
[    3.693171] io scheduler cfq registered (default)
[    3.694721] io scheduler mq-deadline registered
[    3.695337] io scheduler kyber registered
[    3.696415] atomic64_test: passed
[    3.743734] OF: PCI: host bridge /pci ranges:
[    3.749687] OF: PCI:   No bus range found for /pci, using [bus 00-ff]
[    3.750710] OF: PCI:    IO 0x2f000000..0x2f00ffff -> 0x00000000
[    3.751608] OF: PCI:   MEM 0x40000000..0x7fffffff -> 0x00000000
[    3.754317] pci-host-generic 30000000.pci: ECAM at [mem 0x30000000-0x3fffffff] for [bus 00-ff]
[    3.762403] pci-host-generic 30000000.pci: PCI host bridge to bus 0000:00
[    3.763253] pci_bus 0000:00: root bus resource [bus 00-ff]
[    3.764043] pci_bus 0000:00: root bus resource [io  0x0000-0xffff]
[    3.764974] pci_bus 0000:00: root bus resource [mem 0x40000000-0x7fffffff] (bus address [0x00000000-0x3fffffff])
[    4.031236] Serial: 8250/16550 driver, 4 ports, IRQ sharing disabled
[    4.212713] libphy: Fixed MDIO Bus: probed
[    4.213310] e1000: Intel(R) PRO/1000 Network Driver - version 7.3.21-k8-NAPI
[    4.216180] e1000: Copyright (c) 1999-2006 Intel Corporation.
[    4.220145] e1000e: Intel(R) PRO/1000 Network Driver - 3.2.6-k
[    4.220761] e1000e: Copyright(c) 1999 - 2015 Intel Corporation.
[    4.226200] igb: Intel(R) Gigabit Ethernet Network Driver - version 5.4.0-k
[    4.227842] igb: Copyright (c) 2007-2014 Intel Corporation.
[    4.233259] ixgbe: Intel(R) 10 Gigabit PCI Express Network Driver - version 5.1.0-k
[    4.233968] ixgbe: Copyright (c) 1999-2016 Intel Corporation.
[    4.243548] ixgbevf: Intel(R) 10 Gigabit PCI Express Virtual Function Network Driver - version 4.1.0-k
[    4.245437] ixgbevf: Copyright (c) 2009 - 2015 Intel Corporation.
[    4.256564] i40e: Intel(R) Ethernet Connection XL710 Network Driver - version 2.1.14-k
[    4.258487] i40e: Copyright (c) 2013 - 2014 Intel Corporation.
[    4.271080] ixgb: Intel(R) PRO/10GbE Network Driver - version 1.0.135-k2-NAPI
[    4.271769] ixgb: Copyright (c) 1999-2008 Intel Corporation.
[    4.279313] i40evf: Intel(R) 40-10 Gigabit Virtual Function Network Driver - version 3.0.0-k
[    4.280052] Copyright (c) 2013 - 2015 Intel Corporation.
[    4.327832] usbcore: registered new interface driver usb-storage
[    4.349218] mousedev: PS/2 mouse device common for all mice
[    4.365883] IR NEC protocol handler initialized
[    4.366451] IR RC5(x/sz) protocol handler initialized
[    4.367037] IR RC6 protocol handler initialized
[    4.368463] IR JVC protocol handler initialized
[    4.369030] IR Sony protocol handler initialized
[    4.369600] IR SANYO protocol handler initialized
[    4.370174] IR Sharp protocol handler initialized
[    4.370753] IR MCE Keyboard/mouse protocol handler initialized
[    4.371369] IR XMP protocol handler initialized
[    4.379474] gem5 DVFS handler is disabled
[    4.380044] gem5-energy-ctrl loaded at ffffff8008b5e000
[    4.382857] gem5_energy_ctrl_mc: gem5_mc_init: DVFS handler in energy controller is disabled,                         ARM gem5 multi-cluster cpufreq driver                         will not be registered
[    4.474930] usbcore: registered new interface driver usbhid
[    4.475526] usbhid: USB HID core driver
[    4.485839] NET: Registered protocol family 17
[    4.559487] Freeing unused kernel memory: 384K
[    4.570209] init[1]: syscall 293
[    4.571219] Code: d2800401 d2800002 d28024a8 d4000001 (3140041f) 
[    4.571955] CPU: 0 PID: 1 Comm: init Not tainted 4.14.0+ #1
[    4.572575] Hardware name: V2P-CA15 (DT)
[    4.573182] task: ffffffc07c450000 task.stack: ffffff8008010000
[    4.573836] PC is at 0x41eb00
[    4.574375] LR is at 0x41eadc
[    4.574953] pc : [<000000000041eb00>] lr : [<000000000041eadc>] pstate: 40000000
[    4.575923] sp : 0000007ffffffcf0
[    4.576463] x29: 0000007ffffffcf0 x28: 0000000000000008 
[    4.577457] x27: 0000000000000010 x26: 0000000000000010 
[    4.578450] x25: 0000000000000020 x24: 0000000000495020 
[    4.579732] x23: 0000000000000020 x22: 00000000004907f8 
[    4.580732] x21: 0000000000493000 x20: 000000000049c7c0 
[    4.581732] x19: 000000000049c000 x18: 0000000000001000 
[    4.582731] x17: 0000000000417340 x16: 0000000000494008 
[    4.584013] x15: 0000000000000001 x14: 0000000000000001 
[    4.585009] x13: 0000000000495878 x12: 0000000000495860 
[    4.586004] x11: 0000000000000000 x10: 0000000000000001 
[    4.586994] x9 : 0000000000000001 x8 : 0000000000000125 
[    4.588270] x7 : 0000000000000001 x6 : ffffffffffffffe0 
[    4.589270] x5 : 0000000000000004 x4 : 0000000000492aa0 
[    4.590268] x3 : 00000000d428bc00 x2 : 0000000000000000 
[    4.591256] x1 : 0000000000000020 x0 : 000000000049c7a0 
[tiny_init] kernel booted, mounting done
[    4.624657] uburma: loading out-of-tree module taints kernel.
[    4.642735] uburma: registered /dev/uburma0, iomem=ffffff8008de0000 (phys 0x2d000000)
[tiny_init] uburma loaded
[tiny_init] /dev/uburma0 mknod'd (10:222)
[tiny_init] urma_fast=1 (TimingCPU mode)
[    4.675335] urma_smoke[644]: syscall 293
[    4.676085] Code: d2800401 d2800002 d28024a8 d4000001 (3140041f) 
[    4.676852] CPU: 0 PID: 644 Comm: urma_smoke Tainted: G           O    4.14.0+ #1
[    4.677830] Hardware name: V2P-CA15 (DT)
[    4.678436] task: ffffffc07bdb3400 task.stack: ffffff8008d80000
[    4.679089] PC is at 0x41ec40
[    4.679627] LR is at 0x41ec1c
[    4.680206] pc : [<000000000041ec40>] lr : [<000000000041ec1c>] pstate: 40000000
[    4.680888] sp : 0000007ffffffce0
[    4.681427] x29: 0000007ffffffce0 x28: 0000000000000008 
[    4.682703] x27: 0000000000000010 x26: 0000000000000010 
[    4.683695] x25: 0000000000000020 x24: 0000000000494030 
[    4.684689] x23: 0000000000000020 x22: 000000000048f830 
[    4.685687] x21: 0000000000492000 x20: 000000000049b7c0 
[    4.686972] x19: 000000000049b000 x18: 0000000000001000 
[    4.687969] x17: 0000000000418240 x16: 0000000000493008 
[    4.688963] x15: 0000000000000001 x14: 0000000000000001 
[    4.689955] x13: 0000000000494888 x12: 0000000000494870 
[    4.691236] x11: 0000000000000000 x10: 0000000000000001 
[    4.692223] x9 : 0000000000000001 x8 : 0000000000000125 
[    4.693213] x7 : 0000000000000284 x6 : ffffffffffffffe0 
[    4.694209] x5 : 0000000000000004 x4 : 0000000000491ad8 
[    4.695492] x3 : 00000000d428bc00 x2 : 0000000000000000 
[    4.696479] x1 : 0000000000000020 x0 : 000000000049b7a0 
