[    0.000000] Booting Linux on physical CPU 0x0
[    0.000000] Linux version 4.14.0+ (ubuntu@ubuntu) (gcc version 11.4.0 (Ubuntu 11.4.0-1ubuntu1~22.04.3)) #1 SMP PREEMPT Mon May 25 11:12:48 UTC 2026
[    0.000000] Boot CPU: AArch64 Processor [410fd070]
[    0.000000] Machine model: V2P-CA15
[    0.000000] Memory limited to 2048MB
[    0.000000] cma: Reserved 16 MiB at 0x00000000ff000000
[    0.000000] random: fast init done
[    0.000000] percpu: Embedded 21 pages/cpu @ffffffc07efd8000 s45464 r8192 d32360 u86016
[    0.000000] Detected PIPT I-cache on CPU0
[    0.000000] CPU features: enabling workaround for ARM erratum 832075
[    0.000000] CPU features: enabling workaround for ARM erratum 834220
[    0.000000] Built 1 zonelists, mobility grouping on.  Total pages: 516096
[    0.000000] Kernel command line: console=ttyAMA0 lpj=19988480 norandmaps root=/dev/ram rw mem=2GB urma_tenants=128
[    0.000000] PID hash table entries: 4096 (order: 3, 32768 bytes)
[    0.000000] Dentry cache hash table entries: 262144 (order: 9, 2097152 bytes)
[    0.000000] Inode-cache hash table entries: 131072 (order: 8, 1048576 bytes)
[    0.000000] Memory: 2027644K/2097152K available (6078K kernel code, 472K rwdata, 3312K rodata, 384K init, 262K bss, 53124K reserved, 16384K cma-reserved)
[    0.000000] Virtual kernel memory layout:
[    0.000000]     modules : 0xffffff8000000000 - 0xffffff8008000000   (   128 MB)
[    0.000000]     vmalloc : 0xffffff8008000000 - 0xffffffbebfff0000   (   250 GB)
[    0.000000]       .text : 0xffffff8008080000 - 0xffffff8008670000   (  6080 KB)
[    0.000000]     .rodata : 0xffffff8008670000 - 0xffffff80089b0000   (  3328 KB)
[    0.000000]       .init : 0xffffff80089b0000 - 0xffffff8008a10000   (   384 KB)
[    0.000000]       .data : 0xffffff8008a10000 - 0xffffff8008a86008   (   473 KB)
[    0.000000]        .bss : 0xffffff8008a86008 - 0xffffff8008ac7970   (   263 KB)
[    0.000000]     fixed   : 0xffffffbefe7fd000 - 0xffffffbefec00000   (  4108 KB)
[    0.000000]     PCI I/O : 0xffffffbefee00000 - 0xffffffbeffe00000   (    16 MB)
[    0.000000]     vmemmap : 0xffffffbf00000000 - 0xffffffc000000000   (     4 GB maximum)
[    0.000000]               0xffffffbf00000000 - 0xffffffbf02000000   (    32 MB actual)
[    0.000000]     memory  : 0xffffffc000000000 - 0xffffffc080000000   (  2048 MB)
[    0.000000] SLUB: HWalign=64, Order=0-3, MinObjects=0, CPUs=1, Nodes=1
[    0.000000] Preemptible hierarchical RCU implementation.
[    0.000000] 	RCU restricting CPUs from NR_CPUS=256 to nr_cpu_ids=1.
[    0.000000] 	Tasks RCU enabled.
[    0.000000] RCU: Adjusting geometry for rcu_fanout_leaf=16, nr_cpu_ids=1
[    0.000000] NR_IRQS: 64, nr_irqs: 64, preallocated irqs: 0
[    0.000000] clk_gem5_energy_ctrl: No cpu-map in DT! Falling back to old detection method!
[    0.000000] clk_gem5_energy_ctrl: No clusters in DT! Falling back to using CPU topology!
[    0.000118] sched_clock: 32 bits at 24MHz, resolution 41ns, wraps every 89478484971ns
[    0.006389] arch_timer: Unable to find a suitable frame in timer @ 0x000000002a810000
[    0.006658] Failed to initialize '/timer@2a810000': -22
[    0.010988] Console: colour dummy device 80x25
[    0.011339] Calibrating delay loop (skipped) preset value.. 9994.24 BogoMIPS (lpj=19988480)
[    0.011720] pid_max: default: 32768 minimum: 301
[    0.014416] Mount-cache hash table entries: 4096 (order: 3, 32768 bytes)
[    0.014831] Mountpoint-cache hash table entries: 4096 (order: 3, 32768 bytes)
[    0.043571] ASID allocator initialised with 256 entries
[    0.051370] Hierarchical SRCU implementation.
[    0.081213] smp: Bringing up secondary CPUs ...
[    0.081514] smp: Brought up 1 node, 1 CPU
[    0.081775] SMP: Total of 1 processors activated.
[    0.082068] CPU features: detected feature: Privileged Access Never
[    0.082358] CPU features: detected feature: User Access Override
[    0.082646] CPU features: detected feature: 32-bit EL0 Support
[    0.085367] CPU: All CPU(s) started at EL2
[    0.085739] alternatives: patching kernel code
[    0.119381] devtmpfs: initialized
[    0.170190] clocksource: jiffies: mask: 0xffffffff max_cycles: 0xffffffff, max_idle_ns: 7645041785100000 ns
[    0.170567] futex hash table entries: 256 (order: 3, 32768 bytes)
[    0.291239] NET: Registered protocol family 16
[    0.492837] cpuidle: using governor menu
[    0.494720] vdso: 2 pages (1 code @ ffffff8008676000, 1 data @ ffffff8008a14000)
[    0.495091] hw-breakpoint: found 16 breakpoint and 16 watchpoint registers.
[    0.528242] DMA: preallocated 256 KiB pool for atomic allocations
[    0.528492] Serial: AMBA PL011 UART driver
[    0.544612] OF: amba_device_add() failed (-2) for /watchdog@2a490000
[    0.564902] OF: amba_device_add() failed (-2) for /watchdog@2b060000
[    0.574022] 1c090000.uart: ttyAMA0 at MMIO 0x1c090000 (irq = 13, base_baud = 0) is a PL011 rev3
[    0.601282] console [ttyAMA0] enabled
[    0.619397] 1c0a0000.uart: ttyAMA1 at MMIO 0x1c0a0000 (irq = 14, base_baud = 0) is a PL011 rev3
[    0.637717] 1c0b0000.uart: ttyAMA2 at MMIO 0x1c0b0000 (irq = 15, base_baud = 0) is a PL011 rev3
[    0.658119] 1c0c0000.uart: ttyAMA3 at MMIO 0x1c0c0000 (irq = 16, base_baud = 0) is a PL011 rev3
[    0.673524] OF: amba_device_add() failed (-2) for /kmi@1c060000
[    0.678103] OF: amba_device_add() failed (-2) for /kmi@1c070000
[    0.682850] OF: /watchdog@1c0f0000: could not find phandle
[    0.683368] ERROR: could not get clock /watchdog@1c0f0000:apb_pclk(1)
[    0.683958] OF: amba_device_add() failed (-2) for /watchdog@1c0f0000
[    0.689240] OF: /rtc@1c170000: could not find phandle
[    0.689741] ERROR: could not get clock /rtc@1c170000:apb_pclk(0)
[    0.690315] OF: amba_device_add() failed (-2) for /rtc@1c170000
[    1.377290] HugeTLB registered 2.00 MiB page size, pre-allocated 0 pages
[    1.414686] vgaarb: loaded
[    1.427301] SCSI subsystem initialized
[    1.462635] usbcore: registered new interface driver usbfs
[    1.466754] usbcore: registered new interface driver hub
[    1.469758] usbcore: registered new device driver usb
[    1.481662] pps_core: LinuxPPS API ver. 1 registered
[    1.482116] pps_core: Software ver. 5.3.6 - Copyright 2005-2007 Rodolfo Giometti <giometti@linux.it>
[    1.486420] PTP clock support registered
[    1.888412] NET: Registered protocol family 2
[    1.902353] TCP established hash table entries: 16384 (order: 5, 131072 bytes)
[    1.910547] TCP bind hash table entries: 16384 (order: 6, 262144 bytes)
[    1.920273] TCP: Hash tables configured (established 16384 bind 16384)
[    1.922656] UDP hash table entries: 1024 (order: 3, 32768 bytes)
[    1.924674] UDP-Lite hash table entries: 1024 (order: 3, 32768 bytes)
[    1.929168] NET: Registered protocol family 1
[    1.940097] RPC: Registered named UNIX socket transport module.
[    1.940497] RPC: Registered udp transport module.
[    1.940863] RPC: Registered tcp transport module.
[    1.941240] RPC: Registered tcp NFSv4.1 backchannel transport module.
[    1.945169] Unpacking initramfs...
[    2.303977] Freeing initrd memory: 6528K
[    2.311140] kvm [1]: 16-bit VMID
[    2.311546] kvm [1]: IDMAP page: 80667000
[    2.312204] kvm [1]: HYP VA range: 4000000000:7fffffffff
[    2.325299] kvm [1]: vgic-v2@2c004000
[    2.326144] kvm [1]: vgic interrupt IRQ1
[    2.326560] kvm [1]: kvm_arch_timer: uninitialized timecounter
[    2.375493] workingset: timestamp_bits=62 max_order=19 bucket_order=0
[    2.771706] fuse init (API version 7.26)
[    2.816450] io scheduler noop registered
[    2.826741] io scheduler cfq registered (default)
[    2.827204] io scheduler mq-deadline registered
[    2.827661] io scheduler kyber registered
[    2.829077] atomic64_test: passed
[    2.864891] OF: PCI: host bridge /pci ranges:
[    2.865398] OF: PCI:   No bus range found for /pci, using [bus 00-ff]
[    2.867817] OF: PCI:    IO 0x2f000000..0x2f00ffff -> 0x00000000
[    2.868488] OF: PCI:   MEM 0x40000000..0x7fffffff -> 0x00000000
[    2.869877] pci-host-generic 30000000.pci: ECAM at [mem 0x30000000-0x3fffffff] for [bus 00-ff]
[    2.875866] pci-host-generic 30000000.pci: PCI host bridge to bus 0000:00
[    2.876496] pci_bus 0000:00: root bus resource [bus 00-ff]
[    2.877081] pci_bus 0000:00: root bus resource [io  0x0000-0xffff]
[    2.877771] pci_bus 0000:00: root bus resource [mem 0x40000000-0x7fffffff] (bus address [0x00000000-0x3fffffff])
[    3.064070] Serial: 8250/16550 driver, 4 ports, IRQ sharing disabled
[    3.187895] libphy: Fixed MDIO Bus: probed
[    3.188339] e1000: Intel(R) PRO/1000 Network Driver - version 7.3.21-k8-NAPI
[    3.188849] e1000: Copyright (c) 1999-2006 Intel Corporation.
[    3.192657] e1000e: Intel(R) PRO/1000 Network Driver - 3.2.6-k
[    3.193113] e1000e: Copyright(c) 1999 - 2015 Intel Corporation.
[    3.197059] igb: Intel(R) Gigabit Ethernet Network Driver - version 5.4.0-k
[    3.197566] igb: Copyright (c) 2007-2014 Intel Corporation.
[    3.202446] ixgbe: Intel(R) 10 Gigabit PCI Express Network Driver - version 5.1.0-k
[    3.202974] ixgbe: Copyright (c) 1999-2016 Intel Corporation.
[    3.210423] ixgbevf: Intel(R) 10 Gigabit PCI Express Virtual Function Network Driver - version 4.1.0-k
[    3.211000] ixgbevf: Copyright (c) 2009 - 2015 Intel Corporation.
[    3.218225] i40e: Intel(R) Ethernet Connection XL710 Network Driver - version 2.1.14-k
[    3.218771] i40e: Copyright (c) 2013 - 2014 Intel Corporation.
[    3.227084] ixgb: Intel(R) PRO/10GbE Network Driver - version 1.0.135-k2-NAPI
[    3.227596] ixgb: Copyright (c) 1999-2008 Intel Corporation.
[    3.233311] i40evf: Intel(R) 40-10 Gigabit Virtual Function Network Driver - version 3.0.0-k
[    3.233860] Copyright (c) 2013 - 2015 Intel Corporation.
[    3.265667] usbcore: registered new interface driver usb-storage
[    3.279275] mousedev: PS/2 mouse device common for all mice
[    3.290495] IR NEC protocol handler initialized
[    3.290917] IR RC5(x/sz) protocol handler initialized
[    3.293336] IR RC6 protocol handler initialized
[    3.293756] IR JVC protocol handler initialized
[    3.294176] IR Sony protocol handler initialized
[    3.294599] IR SANYO protocol handler initialized
[    3.295025] IR Sharp protocol handler initialized
[    3.296070] IR MCE Keyboard/mouse protocol handler initialized
[    3.296528] IR XMP protocol handler initialized
[    3.301732] gem5 DVFS handler is disabled
[    3.302156] gem5-energy-ctrl loaded at ffffff8008b1d000
[    3.302653] gem5_energy_ctrl_mc: gem5_mc_init: DVFS handler in energy controller is disabled,                         ARM gem5 multi-cluster cpufreq driver                         will not be registered
[    3.365491] usbcore: registered new interface driver usbhid
[    3.365934] usbhid: USB HID core driver
[    3.373517] NET: Registered protocol family 17
[    3.425077] Freeing unused kernel memory: 384K
[    3.433689] init[1]: syscall 293
[    3.434224] Code: d2800401 d2800002 d28024a8 d4000001 (3140041f) 
[    3.434772] CPU: 0 PID: 1 Comm: init Not tainted 4.14.0+ #1
[    3.435232] Hardware name: V2P-CA15 (DT)
[    3.435682] task: ffffffc07c450000 task.stack: ffffff8008010000
[    3.436168] PC is at 0x41f5e0
[    3.436568] LR is at 0x41f5bc
[    3.437204] pc : [<000000000041f5e0>] lr : [<000000000041f5bc>] pstate: 40000000
[    3.437713] sp : 0000007ffffffce0
[    3.438114] x29: 0000007ffffffce0 x28: 0000000000000008 
[    3.438852] x27: 0000000000000010 x26: 0000000000000010 
[    3.439592] x25: 0000000000000020 x24: 0000000000495080 
[    3.440334] x23: 0000000000000020 x22: 00000000004907f8 
[    3.441078] x21: 0000000000493000 x20: 000000000049c7c0 
[    3.442028] x19: 000000000049c000 x18: 0000000000001000 
[    3.442771] x17: 0000000000417d40 x16: 0000000000494008 
[    3.443512] x15: 0000000000000001 x14: 0000000000000001 
[    3.444253] x13: 00000000004958d8 x12: 00000000004958c0 
[    3.444993] x11: 0000000000000000 x10: 0000000000000001 
[    3.445936] x9 : 0000000000000001 x8 : 0000000000000125 
[    3.446672] x7 : 0000000000000001 x6 : ffffffffffffffe0 
[    3.447416] x5 : 0000000000000004 x4 : 0000000000492aa0 
[    3.448158] x3 : 00000000d428bc00 x2 : 0000000000000000 
[    3.448894] x1 : 0000000000000020 x0 : 000000000049c7a0 
[tiny_init] kernel booted, mounting done
[    3.472218] uburma: loading out-of-tree module taints kernel.
[    3.484906] uburma: registered /dev/uburma0, iomem=ffffff8008eb0000 (phys 0x2d000000)
[tiny_init] uburma loaded
[tiny_init] /dev/uburma0 mknod'd (10:222)
[    3.506891] urma_smoke[644]: syscall 293
[    3.507447] Code: d2800401 d2800002 d28024a8 d4000001 (3140041f) 
[    3.508017] CPU: 0 PID: 644 Comm: urma_smoke Tainted: G           O    4.14.0+ #1
[    3.509065] Hardware name: V2P-CA15 (DT)
[    3.509515] task: ffffffc07b9f9a00 task.stack: ffffff8008e70000
[    3.510001] PC is at 0x41f0c0
[    3.510401] LR is at 0x41f09c
[    3.510831] pc : [<000000000041f0c0>] lr : [<000000000041f09c>] pstate: 40000000
[    3.511340] sp : 0000007ffffffcd0
[    3.511741] x29: 0000007ffffffcd0 x28: 0000000000000008 
[    3.512686] x27: 0000000000000010 x26: 0000000000000010 
[    3.513425] x25: 0000000000000020 x24: 0000000000495030 
[    3.514167] x23: 0000000000000020 x22: 0000000000490830 
[    3.514911] x21: 0000000000493000 x20: 000000000049c7c0 
[    3.515655] x19: 000000000049c000 x18: 0000000000001000 
[    3.516398] x17: 00000000004186c0 x16: 0000000000494008 
[    3.517345] x15: 0000000000000001 x14: 0000000000000001 
[    3.518086] x13: 0000000000495888 x12: 0000000000495870 
[    3.518826] x11: 0000000000000000 x10: 0000000000000001 
[    3.519562] x9 : 0000000000000001 x8 : 0000000000000125 
[    3.520301] x7 : 0000000000000284 x6 : ffffffffffffffe0 
[    3.521250] x5 : 0000000000000004 x4 : 0000000000492ad8 
[    3.521993] x3 : 00000000d428bc00 x2 : 0000000000000000 
[    3.522729] x1 : 0000000000000020 x0 : 000000000049c7a0 
CSV,1,a,1,1,1471,1471
CSV,1,b,1,1,56069,56069
CSV,1,c,1,1,133753,133753
CSV,4,a,4,4,1430,1431
CSV,4,b,4,4,206292,656963
CSV,4,c,4,4,133773,133793
CSV,16,a,16,16,1470,1471
CSV,16,b,16,16,94669,673493
CSV,16,c,16,16,173576,770649
CSV,64,a,64,64,1452,1471
CSV,64,b,64,64,66024,692328
CSV,64,c,64,64,161429,753959
CSV,PL8,a,16,16,1542,1550
CSV,PL8,b,16,16,89242,585397
CSV,PL64,a,16,16,1542,1550
CSV,PL64,b,16,16,56169,56187
CSV,PL256,a,16,16,1544,1550
CSV,PL256,b,16,16,56169,56187
CSV,PL1024,a,16,16,1542,1550
CSV,PL1024,b,16,16,56165,56188
CSV,PL4096,a,16,16,1542,1550
CSV,PL4096,b,16,16,56167,56188
CSV,LDST_UC,store,64,371,398
CSV,LDST_UC,load,64,330,358
CSV,LDST_WT,store,64,371,398
CSV,LDST_WT,load,64,330,358
CSV,LDST_WB,store,64,371,398
CSV,LDST_WB,load,64,330,358
CSV,TPa,32,99262,0.322
CSV,TPb,32,2465169,0.012
CSV,TPa,128,395019,0.324
CSV,TPb,128,9134332,0.014
CSV,TPa,512,1578132,0.324
CSV,TPb,512,32132665,0.015
[tiny_init] urma_smoke exited status=0
[    3.654817] multi_tenant[645]: syscall 293
[    3.655378] Code: d2800401 d2800002 d28024a8 d4000001 (3140041f) 
[    3.655949] CPU: 0 PID: 645 Comm: multi_tenant Tainted: G           O    4.14.0+ #1
[    3.656470] Hardware name: V2P-CA15 (DT)
[    3.656920] task: ffffffc07b9fa700 task.stack: ffffff8008e78000
[    3.657405] PC is at 0x41e8c0
[    3.657806] LR is at 0x41e89c
[    3.658443] pc : [<000000000041e8c0>] lr : [<000000000041e89c>] pstate: 40000000
[    3.658951] sp : 0000007ffffffcd0
[    3.659352] x29: 0000007ffffffcd0 x28: 0000000000000008 
[    3.660091] x27: 0000000000000010 x26: 0000000000000010 
[    3.660831] x25: 0000000000000020 x24: 0000000000494008 
[    3.661572] x23: 0000000000000020 x22: 000000000048f7f8 
[    3.662316] x21: 0000000000492000 x20: 000000000049b7c0 
[    3.663266] x19: 000000000049b000 x18: 0000000000001000 
[    3.664009] x17: 0000000000417500 x16: 0000000000493008 
[    3.664750] x15: 0000000000000001 x14: 0000000000000001 
[    3.665491] x13: 0000000000494860 x12: 0000000000494848 
[    3.666232] x11: 0000000000000000 x10: 0000000000000001 
[    3.667174] x9 : 0000000000000001 x8 : 0000000000000125 
[    3.667912] x7 : 0000000000000285 x6 : ffffffffffffffe0 
[    3.668656] x5 : 0000000000000004 x4 : 0000000000491aa0 
[    3.669398] x3 : 00000000d428bc00 x2 : 0000000000000000 
[    3.670134] x1 : 0000000000000020 x0 : 000000000049b7a0 
CSV,t0,16,16,56247,56267
CSV,t1,16,16,56246,56267
CSV,t2,16,16,56249,56267
[tiny_init] multi_tenant exited status=0
[tiny_init] multi_tenant_scale N=128 starting
[    3.735491] multi_tenant_sc[649]: syscall 293
[    3.736059] Code: d2800401 d2800002 d28024a8 d4000001 (3140041f) 
[    3.736632] CPU: 0 PID: 649 Comm: multi_tenant_sc Tainted: G           O    4.14.0+ #1
[    3.737161] Hardware name: V2P-CA15 (DT)
[    3.738153] task: ffffffc07b9f9a00 task.stack: ffffff8008e70000
[    3.738639] PC is at 0x41e440
[    3.739039] LR is at 0x41e41c
[    3.739469] pc : [<000000000041e440>] lr : [<000000000041e41c>] pstate: 40000000
[    3.739978] sp : 0000007ffffffcb0
[    3.740379] x29: 0000007ffffffcb0 x28: 0000000000000008 
[    3.741118] x27: 0000000000000010 x26: 0000000000000010 
[    3.742065] x25: 0000000000000020 x24: 0000000000494008 
[    3.742807] x23: 0000000000000020 x22: 000000000048f7f8 
[    3.743551] x21: 0000000000492000 x20: 000000000049b7c0 
[    3.744296] x19: 000000000049b000 x18: 0000000000001000 
[    3.745039] x17: 0000000000417140 x16: 0000000000493008 
[    3.745780] x15: 0000000000000001 x14: 0000000000000001 
[    3.746727] x13: 0000000000494860 x12: 0000000000494848 
[    3.747468] x11: 0000000000000000 x10: 0000000000000001 
[    3.748204] x9 : 0000000000000001 x8 : 0000000000000125 
[    3.748942] x7 : 0000000000000289 x6 : ffffffffffffffe0 
[    3.749686] x5 : 0000000000000004 x4 : 0000000000491aa0 
[    3.750635] x3 : 00000000d428bc00 x2 : 0000000000000000 
[    3.751371] x1 : 0000000000000020 x0 : 000000000049b7a0 
CSV,MT_SCALE,128,144187,17484863,2048,16
[tiny_init] multi_tenant_scale exited status=0
[tiny_init] halting
[    4.851382] reboot: System halted
