[    0.000000] Booting Linux on physical CPU 0x0
[    0.000000] Linux version 4.14.0+ (ubuntu@ubuntu) (gcc version 11.4.0 (Ubuntu 11.4.0-1ubuntu1~22.04.3)) #1 SMP PREEMPT Mon May 25 11:12:48 UTC 2026
[    0.000000] Boot CPU: AArch64 Processor [410fd070]
[    0.000000] Machine model: V2P-CA15
[    0.000000] Memory limited to 2048MB
[    0.000000] cma: Reserved 16 MiB at 0x00000000ff000000
[    0.000000] random: fast init done
[    0.000000] percpu: Embedded 21 pages/cpu @ffffffc07efd8000 s45464 r8192 d32360 u86016
[    0.000000] Detected PIPT I-cache on CPU0
[    0.000000] CPU features: enabling workaround for ARM erratum 832075
[    0.000000] CPU features: enabling workaround for ARM erratum 834220
[    0.000000] Built 1 zonelists, mobility grouping on.  Total pages: 516096
[    0.000000] Kernel command line: console=ttyAMA0 lpj=19988480 norandmaps root=/dev/ram rw mem=2GB urma_4nic
[    0.000000] PID hash table entries: 4096 (order: 3, 32768 bytes)
[    0.000000] Dentry cache hash table entries: 262144 (order: 9, 2097152 bytes)
[    0.000000] Inode-cache hash table entries: 131072 (order: 8, 1048576 bytes)
[    0.000000] Memory: 2027644K/2097152K available (6078K kernel code, 472K rwdata, 3312K rodata, 384K init, 262K bss, 53124K reserved, 16384K cma-reserved)
[    0.000000] Virtual kernel memory layout:
[    0.000000]     modules : 0xffffff8000000000 - 0xffffff8008000000   (   128 MB)
[    0.000000]     vmalloc : 0xffffff8008000000 - 0xffffffbebfff0000   (   250 GB)
[    0.000000]       .text : 0xffffff8008080000 - 0xffffff8008670000   (  6080 KB)
[    0.000000]     .rodata : 0xffffff8008670000 - 0xffffff80089b0000   (  3328 KB)
[    0.000000]       .init : 0xffffff80089b0000 - 0xffffff8008a10000   (   384 KB)
[    0.000000]       .data : 0xffffff8008a10000 - 0xffffff8008a86008   (   473 KB)
[    0.000000]        .bss : 0xffffff8008a86008 - 0xffffff8008ac7970   (   263 KB)
[    0.000000]     fixed   : 0xffffffbefe7fd000 - 0xffffffbefec00000   (  4108 KB)
[    0.000000]     PCI I/O : 0xffffffbefee00000 - 0xffffffbeffe00000   (    16 MB)
[    0.000000]     vmemmap : 0xffffffbf00000000 - 0xffffffc000000000   (     4 GB maximum)
[    0.000000]               0xffffffbf00000000 - 0xffffffbf02000000   (    32 MB actual)
[    0.000000]     memory  : 0xffffffc000000000 - 0xffffffc080000000   (  2048 MB)
[    0.000000] SLUB: HWalign=64, Order=0-3, MinObjects=0, CPUs=1, Nodes=1
[    0.000000] Preemptible hierarchical RCU implementation.
[    0.000000] 	RCU restricting CPUs from NR_CPUS=256 to nr_cpu_ids=1.
[    0.000000] 	Tasks RCU enabled.
[    0.000000] RCU: Adjusting geometry for rcu_fanout_leaf=16, nr_cpu_ids=1
[    0.000000] NR_IRQS: 64, nr_irqs: 64, preallocated irqs: 0
[    0.000000] clk_gem5_energy_ctrl: No cpu-map in DT! Falling back to old detection method!
[    0.000000] clk_gem5_energy_ctrl: No clusters in DT! Falling back to using CPU topology!
[    0.000118] sched_clock: 32 bits at 24MHz, resolution 41ns, wraps every 89478484971ns
[    0.006392] arch_timer: Unable to find a suitable frame in timer @ 0x000000002a810000
[    0.006661] Failed to initialize '/timer@2a810000': -22
[    0.010995] Console: colour dummy device 80x25
[    0.011346] Calibrating delay loop (skipped) preset value.. 9994.24 BogoMIPS (lpj=19988480)
[    0.011727] pid_max: default: 32768 minimum: 301
[    0.014423] Mount-cache hash table entries: 4096 (order: 3, 32768 bytes)
[    0.014838] Mountpoint-cache hash table entries: 4096 (order: 3, 32768 bytes)
[    0.043577] ASID allocator initialised with 256 entries
[    0.051376] Hierarchical SRCU implementation.
[    0.081223] smp: Bringing up secondary CPUs ...
[    0.081524] smp: Brought up 1 node, 1 CPU
[    0.081785] SMP: Total of 1 processors activated.
[    0.082078] CPU features: detected feature: Privileged Access Never
[    0.082368] CPU features: detected feature: User Access Override
[    0.082657] CPU features: detected feature: 32-bit EL0 Support
[    0.085378] CPU: All CPU(s) started at EL2
[    0.085749] alternatives: patching kernel code
[    0.119391] devtmpfs: initialized
[    0.170126] clocksource: jiffies: mask: 0xffffffff max_cycles: 0xffffffff, max_idle_ns: 7645041785100000 ns
[    0.170502] futex hash table entries: 256 (order: 3, 32768 bytes)
[    0.291615] NET: Registered protocol family 16
[    0.488225] cpuidle: using governor menu
[    0.490100] vdso: 2 pages (1 code @ ffffff8008676000, 1 data @ ffffff8008a14000)
[    0.490471] hw-breakpoint: found 16 breakpoint and 16 watchpoint registers.
[    0.523626] DMA: preallocated 256 KiB pool for atomic allocations
[    0.523876] Serial: AMBA PL011 UART driver
[    0.539971] OF: amba_device_add() failed (-2) for /watchdog@2a490000
[    0.560587] OF: amba_device_add() failed (-2) for /watchdog@2b060000
[    0.569781] 1c090000.uart: ttyAMA0 at MMIO 0x1c090000 (irq = 13, base_baud = 0) is a PL011 rev3
[    0.597042] console [ttyAMA0] enabled
[    0.615167] 1c0a0000.uart: ttyAMA1 at MMIO 0x1c0a0000 (irq = 14, base_baud = 0) is a PL011 rev3
[    0.633490] 1c0b0000.uart: ttyAMA2 at MMIO 0x1c0b0000 (irq = 15, base_baud = 0) is a PL011 rev3
[    0.653898] 1c0c0000.uart: ttyAMA3 at MMIO 0x1c0c0000 (irq = 16, base_baud = 0) is a PL011 rev3
[    0.669297] OF: amba_device_add() failed (-2) for /kmi@1c060000
[    0.673880] OF: amba_device_add() failed (-2) for /kmi@1c070000
[    0.678629] OF: /watchdog@1c0f0000: could not find phandle
[    0.679147] ERROR: could not get clock /watchdog@1c0f0000:apb_pclk(1)
[    0.679737] OF: amba_device_add() failed (-2) for /watchdog@1c0f0000
[    0.685022] OF: /rtc@1c170000: could not find phandle
[    0.685523] ERROR: could not get clock /rtc@1c170000:apb_pclk(0)
[    0.686097] OF: amba_device_add() failed (-2) for /rtc@1c170000
[    1.368673] HugeTLB registered 2.00 MiB page size, pre-allocated 0 pages
[    1.406094] vgaarb: loaded
[    1.418651] SCSI subsystem initialized
[    1.453151] usbcore: registered new interface driver usbfs
[    1.458222] usbcore: registered new interface driver hub
[    1.461226] usbcore: registered new device driver usb
[    1.473926] pps_core: LinuxPPS API ver. 1 registered
[    1.474381] pps_core: Software ver. 5.3.6 - Copyright 2005-2007 Rodolfo Giometti <giometti@linux.it>
[    1.478614] PTP clock support registered
[    1.880483] NET: Registered protocol family 2
[    1.894345] TCP established hash table entries: 16384 (order: 5, 131072 bytes)
[    1.902536] TCP bind hash table entries: 16384 (order: 6, 262144 bytes)
[    1.912467] TCP: Hash tables configured (established 16384 bind 16384)
[    1.914122] UDP hash table entries: 1024 (order: 3, 32768 bytes)
[    1.916140] UDP-Lite hash table entries: 1024 (order: 3, 32768 bytes)
[    1.921360] NET: Registered protocol family 1
[    1.931210] RPC: Registered named UNIX socket transport module.
[    1.931610] RPC: Registered udp transport module.
[    1.931976] RPC: Registered tcp transport module.
[    1.932353] RPC: Registered tcp NFSv4.1 backchannel transport module.
[    1.936285] Unpacking initramfs...
[    2.295103] Freeing initrd memory: 6528K
[    2.302279] kvm [1]: 16-bit VMID
[    2.302685] kvm [1]: IDMAP page: 80667000
[    2.303345] kvm [1]: HYP VA range: 4000000000:7fffffffff
[    2.316408] kvm [1]: vgic-v2@2c004000
[    2.317254] kvm [1]: vgic interrupt IRQ1
[    2.317671] kvm [1]: kvm_arch_timer: uninitialized timecounter
[    2.366591] workingset: timestamp_bits=62 max_order=19 bucket_order=0
[    2.762727] fuse init (API version 7.26)
[    2.806508] io scheduler noop registered
[    2.817495] io scheduler cfq registered (default)
[    2.817959] io scheduler mq-deadline registered
[    2.818415] io scheduler kyber registered
[    2.819946] atomic64_test: passed
[    2.855516] OF: PCI: host bridge /pci ranges:
[    2.856023] OF: PCI:   No bus range found for /pci, using [bus 00-ff]
[    2.858454] OF: PCI:    IO 0x2f000000..0x2f00ffff -> 0x00000000
[    2.859118] OF: PCI:   MEM 0x40000000..0x7fffffff -> 0x00000000
[    2.860451] pci-host-generic 30000000.pci: ECAM at [mem 0x30000000-0x3fffffff] for [bus 00-ff]
[    2.866426] pci-host-generic 30000000.pci: PCI host bridge to bus 0000:00
[    2.867056] pci_bus 0000:00: root bus resource [bus 00-ff]
[    2.867641] pci_bus 0000:00: root bus resource [io  0x0000-0xffff]
[    2.868331] pci_bus 0000:00: root bus resource [mem 0x40000000-0x7fffffff] (bus address [0x00000000-0x3fffffff])
[    3.055154] Serial: 8250/16550 driver, 4 ports, IRQ sharing disabled
[    3.179969] libphy: Fixed MDIO Bus: probed
[    3.180413] e1000: Intel(R) PRO/1000 Network Driver - version 7.3.21-k8-NAPI
[    3.180923] e1000: Copyright (c) 1999-2006 Intel Corporation.
[    3.184876] e1000e: Intel(R) PRO/1000 Network Driver - 3.2.6-k
[    3.185333] e1000e: Copyright(c) 1999 - 2015 Intel Corporation.
[    3.189893] igb: Intel(R) Gigabit Ethernet Network Driver - version 5.4.0-k
[    3.191101] igb: Copyright (c) 2007-2014 Intel Corporation.
[    3.194799] ixgbe: Intel(R) 10 Gigabit PCI Express Network Driver - version 5.1.0-k
[    3.195326] ixgbe: Copyright (c) 1999-2016 Intel Corporation.
[    3.205282] ixgbevf: Intel(R) 10 Gigabit PCI Express Virtual Function Network Driver - version 4.1.0-k
[    3.205859] ixgbevf: Copyright (c) 2009 - 2015 Intel Corporation.
[    3.212489] i40e: Intel(R) Ethernet Connection XL710 Network Driver - version 2.1.14-k
[    3.213035] i40e: Copyright (c) 2013 - 2014 Intel Corporation.
[    3.222142] ixgb: Intel(R) PRO/10GbE Network Driver - version 1.0.135-k2-NAPI
[    3.222654] ixgb: Copyright (c) 1999-2008 Intel Corporation.
[    3.227109] i40evf: Intel(R) 40-10 Gigabit Virtual Function Network Driver - version 3.0.0-k
[    3.228256] Copyright (c) 2013 - 2015 Intel Corporation.
[    3.260721] usbcore: registered new interface driver usb-storage
[    3.275230] mousedev: PS/2 mouse device common for all mice
[    3.284713] IR NEC protocol handler initialized
[    3.285134] IR RC5(x/sz) protocol handler initialized
[    3.285569] IR RC6 protocol handler initialized
[    3.285990] IR JVC protocol handler initialized
[    3.288990] IR Sony protocol handler initialized
[    3.289412] IR SANYO protocol handler initialized
[    3.289838] IR Sharp protocol handler initialized
[    3.290268] IR MCE Keyboard/mouse protocol handler initialized
[    3.291410] IR XMP protocol handler initialized
[    3.296556] gem5 DVFS handler is disabled
[    3.296979] gem5-energy-ctrl loaded at ffffff8008b1d000
[    3.297476] gem5_energy_ctrl_mc: gem5_mc_init: DVFS handler in energy controller is disabled,                         ARM gem5 multi-cluster cpufreq driver                         will not be registered
[    3.362639] usbcore: registered new interface driver usbhid
[    3.363082] usbhid: USB HID core driver
[    3.368922] NET: Registered protocol family 17
[    3.421116] Freeing unused kernel memory: 384K
[    3.429700] init[1]: syscall 293
[    3.430236] Code: d2800401 d2800002 d28024a8 d4000001 (3140041f) 
[    3.430783] CPU: 0 PID: 1 Comm: init Not tainted 4.14.0+ #1
[    3.431244] Hardware name: V2P-CA15 (DT)
[    3.431694] task: ffffffc07c450000 task.stack: ffffff8008010000
[    3.432179] PC is at 0x41f5e0
[    3.432786] LR is at 0x41f5bc
[    3.433215] pc : [<000000000041f5e0>] lr : [<000000000041f5bc>] pstate: 40000000
[    3.433724] sp : 0000007ffffffcf0
[    3.434125] x29: 0000007ffffffcf0 x28: 0000000000000008 
[    3.434864] x27: 0000000000000010 x26: 0000000000000010 
[    3.435603] x25: 0000000000000020 x24: 0000000000495080 
[    3.436345] x23: 0000000000000020 x22: 00000000004907f8 
[    3.437295] x21: 0000000000493000 x20: 000000000049c7c0 
[    3.438039] x19: 000000000049c000 x18: 0000000000001000 
[    3.438782] x17: 0000000000417d40 x16: 0000000000494008 
[    3.439523] x15: 0000000000000001 x14: 0000000000000001 
[    3.440264] x13: 00000000004958d8 x12: 00000000004958c0 
[    3.441210] x11: 0000000000000000 x10: 0000000000000001 
[    3.441947] x9 : 0000000000000001 x8 : 0000000000000125 
[    3.442683] x7 : 0000000000000001 x6 : ffffffffffffffe0 
[    3.443427] x5 : 0000000000000004 x4 : 0000000000492aa0 
[    3.444169] x3 : 00000000d428bc00 x2 : 0000000000000000 
[    3.444906] x1 : 0000000000000020 x0 : 000000000049c7a0 
[tiny_init] kernel booted, mounting done
[    3.468210] uburma: loading out-of-tree module taints kernel.
[    3.480939] uburma: registered /dev/uburma0, iomem=ffffff8008e90000 (phys 0x2d000000)
[tiny_init] uburma loaded
[tiny_init] /dev/uburma0 mknod'd (10:222)
[tiny_init] urma_4nic=1 (4-NIC isolation test)
[    3.502502] urma_smoke_4nic[644]: syscall 293
[    3.503071] Code: d2800401 d2800002 d28024a8 d4000001 (3140041f) 
[    3.503644] CPU: 0 PID: 644 Comm: urma_smoke_4nic Tainted: G           O    4.14.0+ #1
[    3.504702] Hardware name: V2P-CA15 (DT)
[    3.505153] task: ffffffc07ba1ce00 task.stack: ffffff8008e50000
[    3.505638] PC is at 0x41e500
[    3.506038] LR is at 0x41e4dc
[    3.506468] pc : [<000000000041e500>] lr : [<000000000041e4dc>] pstate: 40000000
[    3.506977] sp : 0000007ffffffce0
[    3.507378] x29: 0000007ffffffce0 x28: 0000000000000008 
[    3.508322] x27: 0000000000000010 x26: 0000000000000010 
[    3.509062] x25: 0000000000000020 x24: 0000000000494008 
[    3.509804] x23: 0000000000000020 x22: 000000000048f7f8 
[    3.510548] x21: 0000000000492000 x20: 000000000049b7c0 
[    3.511292] x19: 000000000049b000 x18: 0000000000001000 
[    3.512035] x17: 0000000000417200 x16: 0000000000493008 
[    3.512982] x15: 0000000000000001 x14: 0000000000000001 
[    3.513722] x13: 0000000000494860 x12: 0000000000494848 
[    3.514463] x11: 0000000000000000 x10: 0000000000000001 
[    3.515199] x9 : 0000000000000001 x8 : 0000000000000125 
[    3.515938] x7 : 0000000000000284 x6 : ffffffffffffffe0 
[    3.516887] x5 : 0000000000000004 x4 : 0000000000491aa0 
[    3.517630] x3 : 00000000d428bc00 x2 : 0000000000000000 
[    3.518366] x1 : 0000000000000020 x0 : 000000000049b7a0 
CSV,NIC4,n0,a,16,16,1510,1510
CSV,NIC4,n1,a,16,16,1510,1510
CSV,NIC4,n2,a,16,16,1509,1510
CSV,NIC4,n3,a,16,16,1510,1510
[tiny_init] urma_smoke_4nic exited status=0
[tiny_init] halting
[    3.577373] reboot: System halted
