[    0.000000] Booting Linux on physical CPU 0x0
[    0.000000] Linux version 4.14.0+ (ubuntu@ubuntu) (gcc version 11.4.0 (Ubuntu 11.4.0-1ubuntu1~22.04.3)) #1 SMP PREEMPT Mon May 25 11:12:48 UTC 2026
[    0.000000] Boot CPU: AArch64 Processor [410fd070]
[    0.000000] Machine model: V2P-CA15
[    0.000000] Memory limited to 2048MB
[    0.000000] cma: Reserved 16 MiB at 0x00000000ff000000
[    0.000000] random: fast init done
[    0.000000] percpu: Embedded 21 pages/cpu @ffffffc07efd8000 s45464 r8192 d32360 u86016
[    0.000000] Detected PIPT I-cache on CPU0
[    0.000000] CPU features: enabling workaround for ARM erratum 832075
[    0.000000] CPU features: enabling workaround for ARM erratum 834220
[    0.000000] Built 1 zonelists, mobility grouping on.  Total pages: 516096
[    0.000000] Kernel command line: console=ttyAMA0 lpj=19988480 norandmaps root=/dev/ram rw mem=2GB urma_extras
[    0.000000] PID hash table entries: 4096 (order: 3, 32768 bytes)
[    0.000000] Dentry cache hash table entries: 262144 (order: 9, 2097152 bytes)
[    0.000000] Inode-cache hash table entries: 131072 (order: 8, 1048576 bytes)
[    0.000000] Memory: 2030184K/2097152K available (6078K kernel code, 472K rwdata, 3312K rodata, 384K init, 262K bss, 50584K reserved, 16384K cma-reserved)
[    0.000000] Virtual kernel memory layout:
[    0.000000]     modules : 0xffffff8000000000 - 0xffffff8008000000   (   128 MB)
[    0.000000]     vmalloc : 0xffffff8008000000 - 0xffffffbebfff0000   (   250 GB)
[    0.000000]       .text : 0xffffff8008080000 - 0xffffff8008670000   (  6080 KB)
[    0.000000]     .rodata : 0xffffff8008670000 - 0xffffff80089b0000   (  3328 KB)
[    0.000000]       .init : 0xffffff80089b0000 - 0xffffff8008a10000   (   384 KB)
[    0.000000]       .data : 0xffffff8008a10000 - 0xffffff8008a86008   (   473 KB)
[    0.000000]        .bss : 0xffffff8008a86008 - 0xffffff8008ac7970   (   263 KB)
[    0.000000]     fixed   : 0xffffffbefe7fd000 - 0xffffffbefec00000   (  4108 KB)
[    0.000000]     PCI I/O : 0xffffffbefee00000 - 0xffffffbeffe00000   (    16 MB)
[    0.000000]     vmemmap : 0xffffffbf00000000 - 0xffffffc000000000   (     4 GB maximum)
[    0.000000]               0xffffffbf00000000 - 0xffffffbf02000000   (    32 MB actual)
[    0.000000]     memory  : 0xffffffc000000000 - 0xffffffc080000000   (  2048 MB)
[    0.000000] SLUB: HWalign=64, Order=0-3, MinObjects=0, CPUs=1, Nodes=1
[    0.000000] Preemptible hierarchical RCU implementation.
[    0.000000] 	RCU restricting CPUs from NR_CPUS=256 to nr_cpu_ids=1.
[    0.000000] 	Tasks RCU enabled.
[    0.000000] RCU: Adjusting geometry for rcu_fanout_leaf=16, nr_cpu_ids=1
[    0.000000] NR_IRQS: 64, nr_irqs: 64, preallocated irqs: 0
[    0.000000] clk_gem5_energy_ctrl: No cpu-map in DT! Falling back to old detection method!
[    0.000000] clk_gem5_energy_ctrl: No clusters in DT! Falling back to using CPU topology!
[    0.000000] sched_clock: 32 bits at 24MHz, resolution 41ns, wraps every 89478484971ns
[    0.000049] arch_timer: Unable to find a suitable frame in timer @ 0x000000002a810000
[    0.000051] Failed to initialize '/timer@2a810000': -22
[    0.000082] Console: colour dummy device 80x25
[    0.000085] Calibrating delay loop (skipped) preset value.. 9994.24 BogoMIPS (lpj=19988480)
[    0.000088] pid_max: default: 32768 minimum: 301
[    0.000108] Mount-cache hash table entries: 4096 (order: 3, 32768 bytes)
[    0.000111] Mountpoint-cache hash table entries: 4096 (order: 3, 32768 bytes)
[    0.016040] ASID allocator initialised with 256 entries
[    0.024038] Hierarchical SRCU implementation.
[    0.040045] smp: Bringing up secondary CPUs ...
[    0.040047] smp: Brought up 1 node, 1 CPU
[    0.040050] SMP: Total of 1 processors activated.
[    0.040052] CPU features: detected feature: Privileged Access Never
[    0.040054] CPU features: detected feature: User Access Override
[    0.040057] CPU features: detected feature: 32-bit EL0 Support
[    0.040076] CPU: All CPU(s) started at EL2
[    0.040079] alternatives: patching kernel code
[    0.040326] devtmpfs: initialized
[    0.040704] clocksource: jiffies: mask: 0xffffffff max_cycles: 0xffffffff, max_idle_ns: 7645041785100000 ns
[    0.040707] futex hash table entries: 256 (order: 3, 32768 bytes)
[    0.041137] NET: Registered protocol family 16
[    0.120341] cpuidle: using governor menu
[    0.120354] vdso: 2 pages (1 code @ ffffff8008676000, 1 data @ ffffff8008a14000)
[    0.120358] hw-breakpoint: found 16 breakpoint and 16 watchpoint registers.
[    0.120582] DMA: preallocated 256 KiB pool for atomic allocations
[    0.120584] Serial: AMBA PL011 UART driver
[    0.120656] OF: amba_device_add() failed (-2) for /watchdog@2a490000
[    0.120765] OF: amba_device_add() failed (-2) for /watchdog@2b060000
[    0.120823] 1c090000.uart: ttyAMA0 at MMIO 0x1c090000 (irq = 13, base_baud = 0) is a PL011 rev3
[    0.120981] console [ttyAMA0] enabled
[    0.121113] 1c0a0000.uart: ttyAMA1 at MMIO 0x1c0a0000 (irq = 14, base_baud = 0) is a PL011 rev3
[    0.121225] 1c0b0000.uart: ttyAMA2 at MMIO 0x1c0b0000 (irq = 15, base_baud = 0) is a PL011 rev3
[    0.121318] 1c0c0000.uart: ttyAMA3 at MMIO 0x1c0c0000 (irq = 16, base_baud = 0) is a PL011 rev3
[    0.121441] OF: amba_device_add() failed (-2) for /kmi@1c060000
[    0.121473] OF: amba_device_add() failed (-2) for /kmi@1c070000
[    0.121505] OF: /watchdog@1c0f0000: could not find phandle
[    0.121509] ERROR: could not get clock /watchdog@1c0f0000:apb_pclk(1)
[    0.121514] OF: amba_device_add() failed (-2) for /watchdog@1c0f0000
[    0.121546] OF: /rtc@1c170000: could not find phandle
[    0.121549] ERROR: could not get clock /rtc@1c170000:apb_pclk(0)
[    0.121554] OF: amba_device_add() failed (-2) for /rtc@1c170000
[    0.128118] HugeTLB registered 2.00 MiB page size, pre-allocated 0 pages
[    0.136160] vgaarb: loaded
[    0.136212] SCSI subsystem initialized
[    0.140129] usbcore: registered new interface driver usbfs
[    0.140142] usbcore: registered new interface driver hub
[    0.140152] usbcore: registered new device driver usb
[    0.140171] pps_core: LinuxPPS API ver. 1 registered
[    0.140175] pps_core: Software ver. 5.3.6 - Copyright 2005-2007 Rodolfo Giometti <giometti@linux.it>
[    0.140182] PTP clock support registered
[    0.142369] NET: Registered protocol family 2
[    0.142466] TCP established hash table entries: 16384 (order: 5, 131072 bytes)
[    0.142514] TCP bind hash table entries: 16384 (order: 6, 262144 bytes)
[    0.142573] TCP: Hash tables configured (established 16384 bind 16384)
[    0.142586] UDP hash table entries: 1024 (order: 3, 32768 bytes)
[    0.142599] UDP-Lite hash table entries: 1024 (order: 3, 32768 bytes)
[    0.142631] NET: Registered protocol family 1
[    0.148200] RPC: Registered named UNIX socket transport module.
[    0.148203] RPC: Registered udp transport module.
[    0.148206] RPC: Registered tcp transport module.
[    0.148209] RPC: Registered tcp NFSv4.1 backchannel transport module.
[    0.148238] Unpacking initramfs...
[    0.150014] Freeing initrd memory: 3988K
[    0.150070] kvm [1]: 16-bit VMID
[    0.150073] kvm [1]: IDMAP page: 80667000
[    0.150076] kvm [1]: HYP VA range: 4000000000:7fffffffff
[    0.150161] kvm [1]: vgic-v2@2c004000
[    0.150168] kvm [1]: vgic interrupt IRQ1
[    0.150171] kvm [1]: kvm_arch_timer: uninitialized timecounter
[    0.150421] workingset: timestamp_bits=62 max_order=19 bucket_order=0
[    0.153434] fuse init (API version 7.26)
[    0.153800] io scheduler noop registered
[    0.153849] io scheduler cfq registered (default)
[    0.153852] io scheduler mq-deadline registered
[    0.153856] io scheduler kyber registered
[    0.153873] atomic64_test: passed
[    0.154030] OF: PCI: host bridge /pci ranges:
[    0.154034] OF: PCI:   No bus range found for /pci, using [bus 00-ff]
[    0.154040] OF: PCI:    IO 0x2f000000..0x2f00ffff -> 0x00000000
[    0.154045] OF: PCI:   MEM 0x40000000..0x7fffffff -> 0x00000000
[    0.154056] pci-host-generic 30000000.pci: ECAM at [mem 0x30000000-0x3fffffff] for [bus 00-ff]
[    0.154082] pci-host-generic 30000000.pci: PCI host bridge to bus 0000:00
[    0.154087] pci_bus 0000:00: root bus resource [bus 00-ff]
[    0.154091] pci_bus 0000:00: root bus resource [io  0x0000-0xffff]
[    0.154096] pci_bus 0000:00: root bus resource [mem 0x40000000-0x7fffffff] (bus address [0x00000000-0x3fffffff])
[    0.155075] Serial: 8250/16550 driver, 4 ports, IRQ sharing disabled
[    0.160249] libphy: Fixed MDIO Bus: probed
[    0.160252] e1000: Intel(R) PRO/1000 Network Driver - version 7.3.21-k8-NAPI
[    0.160256] e1000: Copyright (c) 1999-2006 Intel Corporation.
[    0.160269] e1000e: Intel(R) PRO/1000 Network Driver - 3.2.6-k
[    0.160273] e1000e: Copyright(c) 1999 - 2015 Intel Corporation.
[    0.160285] igb: Intel(R) Gigabit Ethernet Network Driver - version 5.4.0-k
[    0.160289] igb: Copyright (c) 2007-2014 Intel Corporation.
[    0.160302] ixgbe: Intel(R) 10 Gigabit PCI Express Network Driver - version 5.1.0-k
[    0.160306] ixgbe: Copyright (c) 1999-2016 Intel Corporation.
[    0.164102] ixgbevf: Intel(R) 10 Gigabit PCI Express Virtual Function Network Driver - version 4.1.0-k
[    0.164106] ixgbevf: Copyright (c) 2009 - 2015 Intel Corporation.
[    0.168119] i40e: Intel(R) Ethernet Connection XL710 Network Driver - version 2.1.14-k
[    0.168123] i40e: Copyright (c) 2013 - 2014 Intel Corporation.
[    0.172109] ixgb: Intel(R) PRO/10GbE Network Driver - version 1.0.135-k2-NAPI
[    0.172112] ixgb: Copyright (c) 1999-2008 Intel Corporation.
[    0.172125] i40evf: Intel(R) 40-10 Gigabit Virtual Function Network Driver - version 3.0.0-k
[    0.172129] Copyright (c) 2013 - 2015 Intel Corporation.
[    0.176176] usbcore: registered new interface driver usb-storage
[    0.176289] mousedev: PS/2 mouse device common for all mice
[    0.176326] IR NEC protocol handler initialized
[    0.176329] IR RC5(x/sz) protocol handler initialized
[    0.176332] IR RC6 protocol handler initialized
[    0.176335] IR JVC protocol handler initialized
[    0.176338] IR Sony protocol handler initialized
[    0.176341] IR SANYO protocol handler initialized
[    0.176345] IR Sharp protocol handler initialized
[    0.176348] IR MCE Keyboard/mouse protocol handler initialized
[    0.176351] IR XMP protocol handler initialized
[    0.176379] gem5 DVFS handler is disabled
[    0.176383] gem5-energy-ctrl loaded at ffffff8008b1d000
[    0.176386] gem5_energy_ctrl_mc: gem5_mc_init: DVFS handler in energy controller is disabled,                         ARM gem5 multi-cluster cpufreq driver                         will not be registered
[    0.176529] usbcore: registered new interface driver usbhid
[    0.176532] usbhid: USB HID core driver
[    0.176562] NET: Registered protocol family 17
[    0.177016] Freeing unused kernel memory: 384K
[    0.177073] init[1]: syscall 293
[    0.177077] Code: d2800401 d2800002 d28024a8 d4000001 (3140041f) 
[    0.177081] CPU: 0 PID: 1 Comm: init Not tainted 4.14.0+ #1
[    0.177085] Hardware name: V2P-CA15 (DT)
[    0.177088] task: ffffffc07c450000 task.stack: ffffff8008010000
[    0.177092] PC is at 0x41f360
[    0.177095] LR is at 0x41f33c
[    0.177098] pc : [<000000000041f360>] lr : [<000000000041f33c>] pstate: 40000000
[    0.177102] sp : 0000007ffffffce0
[    0.177105] x29: 0000007ffffffce0 x28: 0000000000000008 
[    0.177110] x27: 0000000000000010 x26: 0000000000000010 
[    0.177116] x25: 0000000000000020 x24: 0000000000495050 
[    0.177122] x23: 0000000000000020 x22: 00000000004907f8 
[    0.177128] x21: 0000000000493000 x20: 000000000049c7c0 
[    0.177133] x19: 000000000049c000 x18: 0000000000001000 
[    0.177139] x17: 0000000000417ac0 x16: 0000000000494008 
[    0.177145] x15: 0000000000000001 x14: 0000000000000001 
[    0.177150] x13: 00000000004958a8 x12: 0000000000495890 
[    0.177156] x11: 0000000000000000 x10: 0000000000000001 
[    0.177162] x9 : 0000000000000001 x8 : 0000000000000125 
[    0.177167] x7 : 0000000000000001 x6 : ffffffffffffffe0 
[    0.177173] x5 : 0000000000000004 x4 : 0000000000492aa0 
[    0.177179] x3 : 00000000d428bc00 x2 : 0000000000000000 
[    0.177184] x1 : 0000000000000020 x0 : 000000000049c7a0 
[tiny_init] kernel booted, mounting done
[    0.177355] uburma: loading out-of-tree module taints kernel.
[    0.177427] uburma: registered /dev/uburma0, iomem=ffffff8009d60000 (phys 0x2d000000)
[tiny_init] uburma loaded
[tiny_init] /dev/uburma0 mknod'd (10:222)
[tiny_init] urma_extras=1 (extras phases X+M+O)
[    0.177937] urma_smoke[641]: syscall 293
[    0.177942] Code: d2800401 d2800002 d28024a8 d4000001 (3140041f) 
[    0.177946] CPU: 0 PID: 641 Comm: urma_smoke Tainted: G           O    4.14.0+ #1
[    0.177950] Hardware name: V2P-CA15 (DT)
[    0.177953] task: ffffffc07b976800 task.stack: ffffff8009d58000
[    0.177957] PC is at 0x41f0c0
[    0.177960] LR is at 0x41f09c
[    0.177963] pc : [<000000000041f0c0>] lr : [<000000000041f09c>] pstate: 40000000
[    0.177967] sp : 0000007ffffffce0
[    0.177970] x29: 0000007ffffffce0 x28: 0000000000000008 
[    0.177975] x27: 0000000000000010 x26: 0000000000000010 
[    0.177981] x25: 0000000000000020 x24: 0000000000495030 
[    0.177987] x23: 0000000000000020 x22: 0000000000490830 
[    0.177993] x21: 0000000000493000 x20: 000000000049c7c0 
[    0.177998] x19: 000000000049c000 x18: 0000000000001000 
[    0.178004] x17: 00000000004186c0 x16: 0000000000494008 
[    0.178010] x15: 0000000000000001 x14: 0000000000000001 
[    0.178015] x13: 0000000000495888 x12: 0000000000495870 
[    0.178021] x11: 0000000000000000 x10: 0000000000000001 
[    0.178027] x9 : 0000000000000001 x8 : 0000000000000125 
[    0.178032] x7 : 0000000000000281 x6 : ffffffffffffffe0 
[    0.178038] x5 : 0000000000000004 x4 : 0000000000492ad8 
[    0.178044] x3 : 00000000d428bc00 x2 : 0000000000000000 
[    0.178049] x1 : 0000000000000020 x0 : 000000000049c7a0 
CSV,1,a,1,1,0,0
CSV,1,b,1,1,517,517
CSV,1,c,1,1,1153,1153
CSV,4,a,4,4,19,40
CSV,4,b,4,4,486,516
CSV,4,c,4,4,1112,1113
CSV,16,a,16,16,17,40
CSV,16,b,16,16,484,517
CSV,16,c,16,16,1130,1153
CSV,64,a,64,64,18,40
CSV,64,b,64,64,483,517
CSV,64,c,64,64,1135,1153
CSV,PL8,a,16,16,19,40
CSV,PL8,b,16,16,486,517
CSV,PL64,a,16,16,22,40
CSV,PL64,b,16,16,486,517
CSV,PL256,a,16,16,17,40
CSV,PL256,b,16,16,484,517
CSV,PL1024,a,16,16,19,40
CSV,PL1024,b,16,16,486,517
CSV,PL4096,a,16,16,19,40
CSV,PL4096,b,16,16,484,516
CSV,LDST_UC,store,64,2,40
CSV,LDST_UC,load,64,5,40
CSV,LDST_WT,store,64,4,40
CSV,LDST_WT,load,64,2,40
CSV,LDST_WB,store,64,3,40
CSV,LDST_WB,load,64,6,40
CSV,TPa,32,1391,23.005
CSV,TPb,32,16014,1.998
CSV,TPa,128,5484,23.340
CSV,TPb,128,64016,1.999
CSV,TPa,512,21974,23.300
CSV,TPb,512,256101,1.999
[tiny_init] urma_smoke exited status=0
[    0.179057] urma_smoke_extr[644]: syscall 293
[    0.179061] Code: d2800401 d2800002 d28024a8 d4000001 (3140041f) 
[    0.179065] CPU: 0 PID: 644 Comm: urma_smoke_extr Tainted: G           O    4.14.0+ #1
[    0.179069] Hardware name: V2P-CA15 (DT)
[    0.179073] task: ffffffc07b96b400 task.stack: ffffff8009d80000
[    0.179076] PC is at 0x41e840
[    0.179079] LR is at 0x41e81c
[    0.179083] pc : [<000000000041e840>] lr : [<000000000041e81c>] pstate: 40000000
[    0.179086] sp : 0000007ffffffce0
[    0.179089] x29: 0000007ffffffce0 x28: 0000000000000008 
[    0.179095] x27: 0000000000000010 x26: 0000000000000010 
[    0.179101] x25: 0000000000000020 x24: 00000000004940a0 
[    0.179106] x23: 0000000000000020 x22: 000000000048f830 
[    0.179112] x21: 0000000000492000 x20: 000000000049b7c0 
[    0.179118] x19: 000000000049b000 x18: 0000000000001000 
[    0.179123] x17: 0000000000417fc0 x16: 0000000000493008 
[    0.179129] x15: 0000000000000001 x14: 0000000000000001 
[    0.179135] x13: 00000000004948f8 x12: 00000000004948e0 
[    0.179141] x11: 0000000000000000 x10: 0000000000000001 
[    0.179146] x9 : 0000000000000001 x8 : 0000000000000125 
[    0.179152] x7 : 0000000000000284 x6 : ffffffffffffffe0 
[    0.179158] x5 : 0000000000000004 x4 : 0000000000491ad8 
[    0.179163] x3 : 00000000d428bc00 x2 : 0000000000000000 
[    0.179169] x1 : 0000000000000020 x0 : 000000000049b7a0 
CSV,XN,256,a,256,256,21,40
CSV,XN,1024,a,1024,1024,21,40
CSV,MIX,WRITE,a,16,16,22,40
CSV,MIX,READ,a,16,16,22,40
CSV,MIX,FAA,a,16,16,19,40
CSV,ORD,ROI,NO,0,8,8,20,40
CSV,ORD,ROI,NO,1,0,8,0,0
CSV,ORD,ROI,RO,0,0,8,0,0
CSV,ORD,ROI,RO,1,0,8,0,0
CSV,ORD,ROI,SO,0,0,8,0,0
CSV,ORD,ROI,SO,1,0,8,0,0
CSV,ORD,ROT,NO,0,0,8,0,0
CSV,ORD,ROT,NO,1,0,8,0,0
CSV,ORD,ROT,RO,0,0,8,0,0
CSV,ORD,ROT,RO,1,0,8,0,0
CSV,ORD,ROT,SO,0,0,8,0,0
CSV,ORD,ROT,SO,1,0,8,0,0
CSV,ORD,ROL,NO,0,0,8,0,0
CSV,ORD,ROL,NO,1,0,8,0,0
CSV,ORD,ROL,RO,0,0,8,0,0
CSV,ORD,ROL,RO,1,0,8,0,0
CSV,ORD,ROL,SO,0,0,8,0,0
CSV,ORD,ROL,SO,1,0,8,0,0
CSV,ORD,UNO,NO,0,0,8,0,0
CSV,ORD,UNO,NO,1,0,8,0,0
CSV,ORD,UNO,RO,0,0,8,0,0
CSV,ORD,UNO,RO,1,0,8,0,0
CSV,ORD,UNO,SO,0,0,8,0,0
CSV,ORD,UNO,SO,1,0,8,0,0
[tiny_init] urma_smoke_extras exited status=0
[    0.182068] multi_tenant[645]: syscall 293
[    0.182072] Code: d2800401 d2800002 d28024a8 d4000001 (3140041f) 
[    0.182077] CPU: 0 PID: 645 Comm: multi_tenant Tainted: G           O    4.14.0+ #1
[    0.182080] Hardware name: V2P-CA15 (DT)
[    0.182084] task: ffffffc07b968000 task.stack: ffffff8009cd0000
[    0.182087] PC is at 0x41e8c0
[    0.182090] LR is at 0x41e89c
[    0.182094] pc : [<000000000041e8c0>] lr : [<000000000041e89c>] pstate: 40000000
[    0.182097] sp : 0000007ffffffce0
[    0.182100] x29: 0000007ffffffce0 x28: 0000000000000008 
[    0.182106] x27: 0000000000000010 x26: 0000000000000010 
[    0.182112] x25: 0000000000000020 x24: 0000000000494008 
[    0.182118] x23: 0000000000000020 x22: 000000000048f7f8 
[    0.182123] x21: 0000000000492000 x20: 000000000049b7c0 
[    0.182129] x19: 000000000049b000 x18: 0000000000001000 
[    0.182135] x17: 0000000000417500 x16: 0000000000493008 
[    0.182140] x15: 0000000000000001 x14: 0000000000000001 
[    0.182146] x13: 0000000000494860 x12: 0000000000494848 
[    0.182152] x11: 0000000000000000 x10: 0000000000000001 
[    0.182157] x9 : 0000000000000001 x8 : 0000000000000125 
[    0.182163] x7 : 0000000000000285 x6 : ffffffffffffffe0 
[    0.182169] x5 : 0000000000000004 x4 : 0000000000491aa0 
[    0.182174] x3 : 00000000d428bc00 x2 : 0000000000000000 
[    0.182180] x1 : 0000000000000020 x0 : 000000000049b7a0 
CSV,t0,0,16,0,0
CSV,t2,0,16,0,0
CSV,t1,0,16,0,0
[tiny_init] multi_tenant exited status=0
[tiny_init] halting
[    0.184521] reboot: System halted
