[    0.000000] Booting Linux on physical CPU 0x0
[    0.000000] Linux version 4.14.0+ (ubuntu@ubuntu) (gcc version 11.4.0 (Ubuntu 11.4.0-1ubuntu1~22.04.3)) #1 SMP PREEMPT Mon May 25 11:12:48 UTC 2026
[    0.000000] Boot CPU: AArch64 Processor [410fd070]
[    0.000000] Machine model: V2P-CA15
[    0.000000] Memory limited to 2048MB
[    0.000000] cma: Reserved 16 MiB at 0x00000000ff000000
[    0.000000] random: fast init done
[    0.000000] percpu: Embedded 21 pages/cpu @ffffffc07efd8000 s45464 r8192 d32360 u86016
[    0.000000] Detected PIPT I-cache on CPU0
[    0.000000] CPU features: enabling workaround for ARM erratum 832075
[    0.000000] CPU features: enabling workaround for ARM erratum 834220
[    0.000000] Built 1 zonelists, mobility grouping on.  Total pages: 516096
[    0.000000] Kernel command line: console=ttyAMA0 lpj=19988480 norandmaps root=/dev/ram rw mem=2GB urma_tiny GLIBC_TUNABLES=glibc.pthread.rseq=0
[    0.000000] PID hash table entries: 4096 (order: 3, 32768 bytes)
[    0.000000] Dentry cache hash table entries: 262144 (order: 9, 2097152 bytes)
[    0.000000] Inode-cache hash table entries: 131072 (order: 8, 1048576 bytes)
[    0.000000] Memory: 2027644K/2097152K available (6078K kernel code, 472K rwdata, 3312K rodata, 384K init, 262K bss, 53124K reserved, 16384K cma-reserved)
[    0.000000] Virtual kernel memory layout:
[    0.000000]     modules : 0xffffff8000000000 - 0xffffff8008000000   (   128 MB)
[    0.000000]     vmalloc : 0xffffff8008000000 - 0xffffffbebfff0000   (   250 GB)
[    0.000000]       .text : 0xffffff8008080000 - 0xffffff8008670000   (  6080 KB)
[    0.000000]     .rodata : 0xffffff8008670000 - 0xffffff80089b0000   (  3328 KB)
[    0.000000]       .init : 0xffffff80089b0000 - 0xffffff8008a10000   (   384 KB)
[    0.000000]       .data : 0xffffff8008a10000 - 0xffffff8008a86008   (   473 KB)
[    0.000000]        .bss : 0xffffff8008a86008 - 0xffffff8008ac7970   (   263 KB)
[    0.000000]     fixed   : 0xffffffbefe7fd000 - 0xffffffbefec00000   (  4108 KB)
[    0.000000]     PCI I/O : 0xffffffbefee00000 - 0xffffffbeffe00000   (    16 MB)
[    0.000000]     vmemmap : 0xffffffbf00000000 - 0xffffffc000000000   (     4 GB maximum)
[    0.000000]               0xffffffbf00000000 - 0xffffffbf02000000   (    32 MB actual)
[    0.000000]     memory  : 0xffffffc000000000 - 0xffffffc080000000   (  2048 MB)
[    0.000000] SLUB: HWalign=64, Order=0-3, MinObjects=0, CPUs=1, Nodes=1
[    0.000000] Preemptible hierarchical RCU implementation.
[    0.000000] 	RCU restricting CPUs from NR_CPUS=256 to nr_cpu_ids=1.
[    0.000000] 	Tasks RCU enabled.
[    0.000000] RCU: Adjusting geometry for rcu_fanout_leaf=16, nr_cpu_ids=1
[    0.000000] NR_IRQS: 64, nr_irqs: 64, preallocated irqs: 0
[    0.000000] clk_gem5_energy_ctrl: No cpu-map in DT! Falling back to old detection method!
[    0.000000] clk_gem5_energy_ctrl: No clusters in DT! Falling back to using CPU topology!
[    0.000118] sched_clock: 32 bits at 24MHz, resolution 41ns, wraps every 89478484971ns
[    0.006215] arch_timer: Unable to find a suitable frame in timer @ 0x000000002a810000
[    0.006483] Failed to initialize '/timer@2a810000': -22
[    0.010614] Console: colour dummy device 80x25
[    0.010964] Calibrating delay loop (skipped) preset value.. 9994.24 BogoMIPS (lpj=19988480)
[    0.011344] pid_max: default: 32768 minimum: 301
[    0.014041] Mount-cache hash table entries: 4096 (order: 3, 32768 bytes)
[    0.014456] Mountpoint-cache hash table entries: 4096 (order: 3, 32768 bytes)
[    0.043196] ASID allocator initialised with 256 entries
[    0.050968] Hierarchical SRCU implementation.
[    0.080623] smp: Bringing up secondary CPUs ...
[    0.080924] smp: Brought up 1 node, 1 CPU
[    0.081185] SMP: Total of 1 processors activated.
[    0.081478] CPU features: detected feature: Privileged Access Never
[    0.081768] CPU features: detected feature: User Access Override
[    0.082057] CPU features: detected feature: 32-bit EL0 Support
[    0.084778] CPU: All CPU(s) started at EL2
[    0.085153] alternatives: patching kernel code
[    0.118799] devtmpfs: initialized
[    0.170025] clocksource: jiffies: mask: 0xffffffff max_cycles: 0xffffffff, max_idle_ns: 7645041785100000 ns
[    0.170402] futex hash table entries: 256 (order: 3, 32768 bytes)
[    0.290105] NET: Registered protocol family 16
[    0.492105] cpuidle: using governor menu
[    0.494188] vdso: 2 pages (1 code @ ffffff8008676000, 1 data @ ffffff8008a14000)
[    0.494559] hw-breakpoint: found 16 breakpoint and 16 watchpoint registers.
[    0.527672] DMA: preallocated 256 KiB pool for atomic allocations
[    0.527923] Serial: AMBA PL011 UART driver
[    0.543982] OF: amba_device_add() failed (-2) for /watchdog@2a490000
[    0.564279] OF: amba_device_add() failed (-2) for /watchdog@2b060000
[    0.573542] 1c090000.uart: ttyAMA0 at MMIO 0x1c090000 (irq = 13, base_baud = 0) is a PL011 rev3
[    0.600888] console [ttyAMA0] enabled
[    0.619017] 1c0a0000.uart: ttyAMA1 at MMIO 0x1c0a0000 (irq = 14, base_baud = 0) is a PL011 rev3
[    0.637303] 1c0b0000.uart: ttyAMA2 at MMIO 0x1c0b0000 (irq = 15, base_baud = 0) is a PL011 rev3
[    0.657620] 1c0c0000.uart: ttyAMA3 at MMIO 0x1c0c0000 (irq = 16, base_baud = 0) is a PL011 rev3
[    0.673070] OF: amba_device_add() failed (-2) for /kmi@1c060000
[    0.677664] OF: amba_device_add() failed (-2) for /kmi@1c070000
[    0.682429] OF: /watchdog@1c0f0000: could not find phandle
[    0.682946] ERROR: could not get clock /watchdog@1c0f0000:apb_pclk(1)
[    0.683536] OF: amba_device_add() failed (-2) for /watchdog@1c0f0000
[    0.688835] OF: /rtc@1c170000: could not find phandle
[    0.689336] ERROR: could not get clock /rtc@1c170000:apb_pclk(0)
[    0.689910] OF: amba_device_add() failed (-2) for /rtc@1c170000
[    1.381524] HugeTLB registered 2.00 MiB page size, pre-allocated 0 pages
[    1.418143] vgaarb: loaded
[    1.430694] SCSI subsystem initialized
[    1.465093] usbcore: registered new interface driver usbfs
[    1.470167] usbcore: registered new interface driver hub
[    1.473168] usbcore: registered new device driver usb
[    1.485780] pps_core: LinuxPPS API ver. 1 registered
[    1.486234] pps_core: Software ver. 5.3.6 - Copyright 2005-2007 Rodolfo Giometti <giometti@linux.it>
[    1.490471] PTP clock support registered
[    1.891988] NET: Registered protocol family 2
[    1.905894] TCP established hash table entries: 16384 (order: 5, 131072 bytes)
[    1.914085] TCP bind hash table entries: 16384 (order: 6, 262144 bytes)
[    1.924292] TCP: Hash tables configured (established 16384 bind 16384)
[    1.925946] UDP hash table entries: 1024 (order: 3, 32768 bytes)
[    1.927965] UDP-Lite hash table entries: 1024 (order: 3, 32768 bytes)
[    1.932665] NET: Registered protocol family 1
[    1.943035] RPC: Registered named UNIX socket transport module.
[    1.943435] RPC: Registered udp transport module.
[    1.943801] RPC: Registered tcp transport module.
[    1.944178] RPC: Registered tcp NFSv4.1 backchannel transport module.
[    1.948109] Unpacking initramfs...
[    2.306985] Freeing initrd memory: 6528K
[    2.313987] kvm [1]: 16-bit VMID
[    2.314393] kvm [1]: IDMAP page: 80667000
[    2.315053] kvm [1]: HYP VA range: 4000000000:7fffffffff
[    2.328116] kvm [1]: vgic-v2@2c004000
[    2.328962] kvm [1]: vgic interrupt IRQ1
[    2.329378] kvm [1]: kvm_arch_timer: uninitialized timecounter
[    2.378119] workingset: timestamp_bits=62 max_order=19 bucket_order=0
[    2.774513] fuse init (API version 7.26)
[    2.817860] io scheduler noop registered
[    2.829362] io scheduler cfq registered (default)
[    2.829825] io scheduler mq-deadline registered
[    2.830282] io scheduler kyber registered
[    2.831824] atomic64_test: passed
[    2.868095] OF: PCI: host bridge /pci ranges:
[    2.869326] OF: PCI:   No bus range found for /pci, using [bus 00-ff]
[    2.870092] OF: PCI:    IO 0x2f000000..0x2f00ffff -> 0x00000000
[    2.870760] OF: PCI:   MEM 0x40000000..0x7fffffff -> 0x00000000
[    2.872102] pci-host-generic 30000000.pci: ECAM at [mem 0x30000000-0x3fffffff] for [bus 00-ff]
[    2.878077] pci-host-generic 30000000.pci: PCI host bridge to bus 0000:00
[    2.878707] pci_bus 0000:00: root bus resource [bus 00-ff]
[    2.879291] pci_bus 0000:00: root bus resource [io  0x0000-0xffff]
[    2.879982] pci_bus 0000:00: root bus resource [mem 0x40000000-0x7fffffff] (bus address [0x00000000-0x3fffffff])
[    3.065753] Serial: 8250/16550 driver, 4 ports, IRQ sharing disabled
[    3.192479] libphy: Fixed MDIO Bus: probed
[    3.192923] e1000: Intel(R) PRO/1000 Network Driver - version 7.3.21-k8-NAPI
[    3.194146] e1000: Copyright (c) 1999-2006 Intel Corporation.
[    3.198018] e1000e: Intel(R) PRO/1000 Network Driver - 3.2.6-k
[    3.198475] e1000e: Copyright(c) 1999 - 2015 Intel Corporation.
[    3.203404] igb: Intel(R) Gigabit Ethernet Network Driver - version 5.4.0-k
[    3.203911] igb: Copyright (c) 2007-2014 Intel Corporation.
[    3.206922] ixgbe: Intel(R) 10 Gigabit PCI Express Network Driver - version 5.1.0-k
[    3.207450] ixgbe: Copyright (c) 1999-2016 Intel Corporation.
[    3.216873] ixgbevf: Intel(R) 10 Gigabit PCI Express Virtual Function Network Driver - version 4.1.0-k
[    3.217450] ixgbevf: Copyright (c) 2009 - 2015 Intel Corporation.
[    3.225087] i40e: Intel(R) Ethernet Connection XL710 Network Driver - version 2.1.14-k
[    3.225633] i40e: Copyright (c) 2013 - 2014 Intel Corporation.
[    3.233473] ixgb: Intel(R) PRO/10GbE Network Driver - version 1.0.135-k2-NAPI
[    3.233985] ixgb: Copyright (c) 1999-2008 Intel Corporation.
[    3.236920] i40evf: Intel(R) 40-10 Gigabit Virtual Function Network Driver - version 3.0.0-k
[    3.237468] Copyright (c) 2013 - 2015 Intel Corporation.
[    3.270937] usbcore: registered new interface driver usb-storage
[    3.284190] mousedev: PS/2 mouse device common for all mice
[    3.295780] IR NEC protocol handler initialized
[    3.296201] IR RC5(x/sz) protocol handler initialized
[    3.296636] IR RC6 protocol handler initialized
[    3.297057] IR JVC protocol handler initialized
[    3.299837] IR Sony protocol handler initialized
[    3.300259] IR SANYO protocol handler initialized
[    3.300685] IR Sharp protocol handler initialized
[    3.301115] IR MCE Keyboard/mouse protocol handler initialized
[    3.302278] IR XMP protocol handler initialized
[    3.307260] gem5 DVFS handler is disabled
[    3.307683] gem5-energy-ctrl loaded at ffffff8008b1d000
[    3.308180] gem5_energy_ctrl_mc: gem5_mc_init: DVFS handler in energy controller is disabled,                         ARM gem5 multi-cluster cpufreq driver                         will not be registered
[    3.375547] usbcore: registered new interface driver usbhid
[    3.375990] usbhid: USB HID core driver
[    3.381959] NET: Registered protocol family 17
[    3.433497] Freeing unused kernel memory: 384K
[tiny_init] kernel booted, mounting done
[    3.464638] uburma: loading out-of-tree module taints kernel.
[    3.476805] uburma: registered /dev/uburma0, iomem=ffffff8008ea0000 (phys 0x2d000000)
[tiny_init] uburma loaded
[tiny_init] /dev/uburma0 mknod'd (10:222)
CSV,TINY,a,8,8,2146,2146
[    3.507610] urma_tiny[644]: unhandled level 3 translation fault (11) at 0x7fbf6ff000, esr 0x92000047, in urma_tiny[400000+7f000]
[    3.508685] CPU: 0 PID: 644 Comm: urma_tiny Tainted: G           O    4.14.0+ #1
[    3.509197] Hardware name: V2P-CA15 (DT)
[    3.509854] task: ffffffc07b9fce00 task.stack: ffffff8008e68000
[    3.510339] PC is at 0x40079c
[    3.510739] LR is at 0x400764
[    3.511165] pc : [<000000000040079c>] lr : [<0000000000400764>] pstate: 00000000
[    3.511673] sp : 0000007ffffffb40
[    3.512074] x29: 0000007ffffffc10 x28: 0000007fbf6fe000 
[    3.512823] x27: 0000007ffffffbc8 x26: 000000003b9aca00 
[    3.513564] x25: 0000000000000002 x24: 0000000000491000 
[    3.514514] x23: 0000000000458560 x22: 00000000cafebac2 
[    3.515256] x21: 0000000000000003 x20: 0000000000000004 
[    3.515999] x19: 0000007fbf6ff000 x18: 0000000000000000 
[    3.516740] x17: 0000000000416dc0 x16: 0000000000000001 
[    3.517477] x15: 0000000000000001 x14: 0000000000000000 
[    3.518421] x13: 0000000000000000 x12: 0000000000000862 
[    3.519160] x11: 000000000000000a x10: 000000000000000a 
[    3.519902] x9 : 0000007ffffffa14 x8 : 00000000000000de 
[    3.520638] x7 : 0000000000000000 x6 : 0000007fbf6ff000 
[    3.521378] x5 : 0000000000000000 x4 : 0000000000000000 
[    3.522118] x3 : 00000000cafebabe x2 : 000000015ff88f7d 
[    3.523067] x1 : 0000000000001000 x0 : 020ff4d73cb29c00 
[tiny_init] urma_tiny exited status=11
[tiny_init] halting
[    3.538507] reboot: System halted
