[    0.000000] Booting Linux on physical CPU 0x0
[    0.000000] Linux version 4.14.0+ (ubuntu@ubuntu) (gcc version 11.4.0 (Ubuntu 11.4.0-1ubuntu1~22.04.3)) #1 SMP PREEMPT Mon May 25 11:12:48 UTC 2026
[    0.000000] Boot CPU: AArch64 Processor [410fd070]
[    0.000000] Machine model: V2P-CA15
[    0.000000] Memory limited to 2048MB
[    0.000000] cma: Reserved 16 MiB at 0x00000000ff000000
[    0.000000] random: fast init done
[    0.000000] percpu: Embedded 21 pages/cpu @ffffffc07efd8000 s45464 r8192 d32360 u86016
[    0.000000] Detected PIPT I-cache on CPU0
[    0.000000] CPU features: enabling workaround for ARM erratum 832075
[    0.000000] CPU features: enabling workaround for ARM erratum 834220
[    0.000000] Built 1 zonelists, mobility grouping on.  Total pages: 516096
[    0.000000] Kernel command line: console=ttyAMA0 lpj=19988480 norandmaps root=/dev/ram rw mem=2GB urma_kv
[    0.000000] PID hash table entries: 4096 (order: 3, 32768 bytes)
[    0.000000] Dentry cache hash table entries: 262144 (order: 9, 2097152 bytes)
[    0.000000] Inode-cache hash table entries: 131072 (order: 8, 1048576 bytes)
[    0.000000] Memory: 2027644K/2097152K available (6078K kernel code, 472K rwdata, 3312K rodata, 384K init, 262K bss, 53124K reserved, 16384K cma-reserved)
[    0.000000] Virtual kernel memory layout:
[    0.000000]     modules : 0xffffff8000000000 - 0xffffff8008000000   (   128 MB)
[    0.000000]     vmalloc : 0xffffff8008000000 - 0xffffffbebfff0000   (   250 GB)
[    0.000000]       .text : 0xffffff8008080000 - 0xffffff8008670000   (  6080 KB)
[    0.000000]     .rodata : 0xffffff8008670000 - 0xffffff80089b0000   (  3328 KB)
[    0.000000]       .init : 0xffffff80089b0000 - 0xffffff8008a10000   (   384 KB)
[    0.000000]       .data : 0xffffff8008a10000 - 0xffffff8008a86008   (   473 KB)
[    0.000000]        .bss : 0xffffff8008a86008 - 0xffffff8008ac7970   (   263 KB)
[    0.000000]     fixed   : 0xffffffbefe7fd000 - 0xffffffbefec00000   (  4108 KB)
[    0.000000]     PCI I/O : 0xffffffbefee00000 - 0xffffffbeffe00000   (    16 MB)
[    0.000000]     vmemmap : 0xffffffbf00000000 - 0xffffffc000000000   (     4 GB maximum)
[    0.000000]               0xffffffbf00000000 - 0xffffffbf02000000   (    32 MB actual)
[    0.000000]     memory  : 0xffffffc000000000 - 0xffffffc080000000   (  2048 MB)
[    0.000000] SLUB: HWalign=64, Order=0-3, MinObjects=0, CPUs=1, Nodes=1
[    0.000000] Preemptible hierarchical RCU implementation.
[    0.000000] 	RCU restricting CPUs from NR_CPUS=256 to nr_cpu_ids=1.
[    0.000000] 	Tasks RCU enabled.
[    0.000000] RCU: Adjusting geometry for rcu_fanout_leaf=16, nr_cpu_ids=1
[    0.000000] NR_IRQS: 64, nr_irqs: 64, preallocated irqs: 0
[    0.000000] clk_gem5_energy_ctrl: No cpu-map in DT! Falling back to old detection method!
[    0.000000] clk_gem5_energy_ctrl: No clusters in DT! Falling back to using CPU topology!
[    0.000118] sched_clock: 32 bits at 24MHz, resolution 41ns, wraps every 89478484971ns
[    0.006392] arch_timer: Unable to find a suitable frame in timer @ 0x000000002a810000
[    0.006661] Failed to initialize '/timer@2a810000': -22
[    0.010996] Console: colour dummy device 80x25
[    0.011346] Calibrating delay loop (skipped) preset value.. 9994.24 BogoMIPS (lpj=19988480)
[    0.011727] pid_max: default: 32768 minimum: 301
[    0.014423] Mount-cache hash table entries: 4096 (order: 3, 32768 bytes)
[    0.014838] Mountpoint-cache hash table entries: 4096 (order: 3, 32768 bytes)
[    0.043580] ASID allocator initialised with 256 entries
[    0.051383] Hierarchical SRCU implementation.
[    0.081229] smp: Bringing up secondary CPUs ...
[    0.081530] smp: Brought up 1 node, 1 CPU
[    0.081792] SMP: Total of 1 processors activated.
[    0.082085] CPU features: detected feature: Privileged Access Never
[    0.082375] CPU features: detected feature: User Access Override
[    0.082663] CPU features: detected feature: 32-bit EL0 Support
[    0.085384] CPU: All CPU(s) started at EL2
[    0.085756] alternatives: patching kernel code
[    0.119398] devtmpfs: initialized
[    0.170131] clocksource: jiffies: mask: 0xffffffff max_cycles: 0xffffffff, max_idle_ns: 7645041785100000 ns
[    0.170508] futex hash table entries: 256 (order: 3, 32768 bytes)
[    0.291620] NET: Registered protocol family 16
[    0.488225] cpuidle: using governor menu
[    0.490098] vdso: 2 pages (1 code @ ffffff8008676000, 1 data @ ffffff8008a14000)
[    0.490469] hw-breakpoint: found 16 breakpoint and 16 watchpoint registers.
[    0.523624] DMA: preallocated 256 KiB pool for atomic allocations
[    0.523875] Serial: AMBA PL011 UART driver
[    0.539969] OF: amba_device_add() failed (-2) for /watchdog@2a490000
[    0.560586] OF: amba_device_add() failed (-2) for /watchdog@2b060000
[    0.569780] 1c090000.uart: ttyAMA0 at MMIO 0x1c090000 (irq = 13, base_baud = 0) is a PL011 rev3
[    0.597036] console [ttyAMA0] enabled
[    0.615161] 1c0a0000.uart: ttyAMA1 at MMIO 0x1c0a0000 (irq = 14, base_baud = 0) is a PL011 rev3
[    0.633486] 1c0b0000.uart: ttyAMA2 at MMIO 0x1c0b0000 (irq = 15, base_baud = 0) is a PL011 rev3
[    0.653894] 1c0c0000.uart: ttyAMA3 at MMIO 0x1c0c0000 (irq = 16, base_baud = 0) is a PL011 rev3
[    0.669293] OF: amba_device_add() failed (-2) for /kmi@1c060000
[    0.673875] OF: amba_device_add() failed (-2) for /kmi@1c070000
[    0.678625] OF: /watchdog@1c0f0000: could not find phandle
[    0.679142] ERROR: could not get clock /watchdog@1c0f0000:apb_pclk(1)
[    0.679732] OF: amba_device_add() failed (-2) for /watchdog@1c0f0000
[    0.685017] OF: /rtc@1c170000: could not find phandle
[    0.685518] ERROR: could not get clock /rtc@1c170000:apb_pclk(0)
[    0.686092] OF: amba_device_add() failed (-2) for /rtc@1c170000
[    1.376857] HugeTLB registered 2.00 MiB page size, pre-allocated 0 pages
[    1.414394] vgaarb: loaded
[    1.427021] SCSI subsystem initialized
[    1.462424] usbcore: registered new interface driver usbfs
[    1.466543] usbcore: registered new interface driver hub
[    1.469545] usbcore: registered new device driver usb
[    1.481449] pps_core: LinuxPPS API ver. 1 registered
[    1.481903] pps_core: Software ver. 5.3.6 - Copyright 2005-2007 Rodolfo Giometti <giometti@linux.it>
[    1.486200] PTP clock support registered
[    1.888382] NET: Registered protocol family 2
[    1.902222] TCP established hash table entries: 16384 (order: 5, 131072 bytes)
[    1.910403] TCP bind hash table entries: 16384 (order: 6, 262144 bytes)
[    1.920129] TCP: Hash tables configured (established 16384 bind 16384)
[    1.922510] UDP hash table entries: 1024 (order: 3, 32768 bytes)
[    1.924532] UDP-Lite hash table entries: 1024 (order: 3, 32768 bytes)
[    1.929032] NET: Registered protocol family 1
[    1.939889] RPC: Registered named UNIX socket transport module.
[    1.940290] RPC: Registered udp transport module.
[    1.940655] RPC: Registered tcp transport module.
[    1.941032] RPC: Registered tcp NFSv4.1 backchannel transport module.
[    1.944961] Unpacking initramfs...
[    2.303764] Freeing initrd memory: 6528K
[    2.310934] kvm [1]: 16-bit VMID
[    2.311340] kvm [1]: IDMAP page: 80667000
[    2.312000] kvm [1]: HYP VA range: 4000000000:7fffffffff
[    2.325091] kvm [1]: vgic-v2@2c004000
[    2.325940] kvm [1]: vgic interrupt IRQ1
[    2.326356] kvm [1]: kvm_arch_timer: uninitialized timecounter
[    2.374687] workingset: timestamp_bits=62 max_order=19 bucket_order=0
[    2.771352] fuse init (API version 7.26)
[    2.815330] io scheduler noop registered
[    2.826338] io scheduler cfq registered (default)
[    2.826801] io scheduler mq-deadline registered
[    2.827983] io scheduler kyber registered
[    2.828772] atomic64_test: passed
[    2.863038] OF: PCI: host bridge /pci ranges:
[    2.863545] OF: PCI:   No bus range found for /pci, using [bus 00-ff]
[    2.864301] OF: PCI:    IO 0x2f000000..0x2f00ffff -> 0x00000000
[    2.867360] OF: PCI:   MEM 0x40000000..0x7fffffff -> 0x00000000
[    2.868687] pci-host-generic 30000000.pci: ECAM at [mem 0x30000000-0x3fffffff] for [bus 00-ff]
[    2.874641] pci-host-generic 30000000.pci: PCI host bridge to bus 0000:00
[    2.875271] pci_bus 0000:00: root bus resource [bus 00-ff]
[    2.875856] pci_bus 0000:00: root bus resource [io  0x0000-0xffff]
[    2.876546] pci_bus 0000:00: root bus resource [mem 0x40000000-0x7fffffff] (bus address [0x00000000-0x3fffffff])
[    3.062989] Serial: 8250/16550 driver, 4 ports, IRQ sharing disabled
[    3.189180] libphy: Fixed MDIO Bus: probed
[    3.190288] e1000: Intel(R) PRO/1000 Network Driver - version 7.3.21-k8-NAPI
[    3.190798] e1000: Copyright (c) 1999-2006 Intel Corporation.
[    3.194677] e1000e: Intel(R) PRO/1000 Network Driver - 3.2.6-k
[    3.195134] e1000e: Copyright(c) 1999 - 2015 Intel Corporation.
[    3.200100] igb: Intel(R) Gigabit Ethernet Network Driver - version 5.4.0-k
[    3.200607] igb: Copyright (c) 2007-2014 Intel Corporation.
[    3.203635] ixgbe: Intel(R) 10 Gigabit PCI Express Network Driver - version 5.1.0-k
[    3.204163] ixgbe: Copyright (c) 1999-2016 Intel Corporation.
[    3.213425] ixgbevf: Intel(R) 10 Gigabit PCI Express Virtual Function Network Driver - version 4.1.0-k
[    3.214002] ixgbevf: Copyright (c) 2009 - 2015 Intel Corporation.
[    3.221673] i40e: Intel(R) Ethernet Connection XL710 Network Driver - version 2.1.14-k
[    3.222219] i40e: Copyright (c) 2013 - 2014 Intel Corporation.
[    3.229853] ixgb: Intel(R) PRO/10GbE Network Driver - version 1.0.135-k2-NAPI
[    3.230365] ixgb: Copyright (c) 1999-2008 Intel Corporation.
[    3.233305] i40evf: Intel(R) 40-10 Gigabit Virtual Function Network Driver - version 3.0.0-k
[    3.233854] Copyright (c) 2013 - 2015 Intel Corporation.
[    3.269582] usbcore: registered new interface driver usb-storage
[    3.283077] mousedev: PS/2 mouse device common for all mice
[    3.292241] IR NEC protocol handler initialized
[    3.292663] IR RC5(x/sz) protocol handler initialized
[    3.293098] IR RC6 protocol handler initialized
[    3.293518] IR JVC protocol handler initialized
[    3.296328] IR Sony protocol handler initialized
[    3.296751] IR SANYO protocol handler initialized
[    3.297176] IR Sharp protocol handler initialized
[    3.297606] IR MCE Keyboard/mouse protocol handler initialized
[    3.298769] IR XMP protocol handler initialized
[    3.303912] gem5 DVFS handler is disabled
[    3.304335] gem5-energy-ctrl loaded at ffffff8008b1d000
[    3.304833] gem5_energy_ctrl_mc: gem5_mc_init: DVFS handler in energy controller is disabled,                         ARM gem5 multi-cluster cpufreq driver                         will not be registered
[    3.368426] usbcore: registered new interface driver usbhid
[    3.369579] usbhid: USB HID core driver
[    3.375647] NET: Registered protocol family 17
[    3.426981] Freeing unused kernel memory: 384K
[    3.435729] init[1]: syscall 293
[    3.436265] Code: d2800401 d2800002 d28024a8 d4000001 (3140041f) 
[    3.436812] CPU: 0 PID: 1 Comm: init Not tainted 4.14.0+ #1
[    3.437272] Hardware name: V2P-CA15 (DT)
[    3.437723] task: ffffffc07c450000 task.stack: ffffff8008010000
[    3.438208] PC is at 0x41f5e0
[    3.438608] LR is at 0x41f5bc
[    3.439038] pc : [<000000000041f5e0>] lr : [<000000000041f5bc>] pstate: 40000000
[    3.439753] sp : 0000007ffffffcf0
[    3.440154] x29: 0000007ffffffcf0 x28: 0000000000000008 
[    3.440892] x27: 0000000000000010 x26: 0000000000000010 
[    3.441632] x25: 0000000000000020 x24: 0000000000495080 
[    3.442374] x23: 0000000000000020 x22: 00000000004907f8 
[    3.443118] x21: 0000000000493000 x20: 000000000049c7c0 
[    3.444068] x19: 000000000049c000 x18: 0000000000001000 
[    3.444811] x17: 0000000000417d40 x16: 0000000000494008 
[    3.445552] x15: 0000000000000001 x14: 0000000000000001 
[    3.446292] x13: 00000000004958d8 x12: 00000000004958c0 
[    3.447033] x11: 0000000000000000 x10: 0000000000000001 
[    3.447769] x9 : 0000000000000001 x8 : 0000000000000125 
[    3.448712] x7 : 0000000000000001 x6 : ffffffffffffffe0 
[    3.449456] x5 : 0000000000000004 x4 : 0000000000492aa0 
[    3.450198] x3 : 00000000d428bc00 x2 : 0000000000000000 
[    3.450934] x1 : 0000000000000020 x0 : 000000000049c7a0 
[tiny_init] kernel booted, mounting done
[    3.474190] uburma: loading out-of-tree module taints kernel.
[    3.486810] uburma: registered /dev/uburma0, iomem=ffffff8008ed0000 (phys 0x2d000000)
[tiny_init] uburma loaded
[tiny_init] /dev/uburma0 mknod'd (10:222)
[    3.509069] urma_smoke[644]: syscall 293
[    3.509625] Code: d2800401 d2800002 d28024a8 d4000001 (3140041f) 
[    3.510196] CPU: 0 PID: 644 Comm: urma_smoke Tainted: G           O    4.14.0+ #1
[    3.510917] Hardware name: V2P-CA15 (DT)
[    3.511367] task: ffffffc07ba02700 task.stack: ffffff8008e78000
[    3.511853] PC is at 0x41f0c0
[    3.512253] LR is at 0x41f09c
[    3.512683] pc : [<000000000041f0c0>] lr : [<000000000041f09c>] pstate: 40000000
[    3.513192] sp : 0000007ffffffce0
[    3.513593] x29: 0000007ffffffce0 x28: 0000000000000008 
[    3.514331] x27: 0000000000000010 x26: 0000000000000010 
[    3.515277] x25: 0000000000000020 x24: 0000000000495030 
[    3.516019] x23: 0000000000000020 x22: 0000000000490830 
[    3.516763] x21: 0000000000493000 x20: 000000000049c7c0 
[    3.517507] x19: 000000000049c000 x18: 0000000000001000 
[    3.518250] x17: 00000000004186c0 x16: 0000000000494008 
[    3.518991] x15: 0000000000000001 x14: 0000000000000001 
[    3.519937] x13: 0000000000495888 x12: 0000000000495870 
[    3.520678] x11: 0000000000000000 x10: 0000000000000001 
[    3.521415] x9 : 0000000000000001 x8 : 0000000000000125 
[    3.522153] x7 : 0000000000000284 x6 : ffffffffffffffe0 
[    3.522896] x5 : 0000000000000004 x4 : 0000000000492ad8 
[    3.523846] x3 : 00000000d428bc00 x2 : 0000000000000000 
[    3.524582] x1 : 0000000000000020 x0 : 000000000049c7a0 
CSV,1,a,1,1,1430,1430
CSV,1,b,1,1,56108,56108
CSV,1,c,1,1,133753,133753
CSV,4,a,4,4,1450,1470
CSV,4,b,4,4,56087,56108
CSV,4,c,4,4,133782,133792
CSV,16,a,16,16,1465,1471
CSV,16,b,16,16,56077,56108
CSV,16,c,16,16,133770,133793
CSV,64,a,64,64,1470,1471
CSV,64,b,64,64,65958,688116
CSV,64,c,64,64,161158,749469
CSV,PL8,a,16,16,1539,1550
CSV,PL8,b,16,16,56167,56187
CSV,PL64,a,16,16,1542,1550
CSV,PL64,b,16,16,56162,56188
CSV,PL256,a,16,16,1542,1550
CSV,PL256,b,16,16,56159,56187
CSV,PL1024,a,16,16,1542,1550
CSV,PL1024,b,16,16,95951,692844
CSV,PL4096,a,16,16,1539,1550
CSV,PL4096,b,16,16,56172,56188
CSV,LDST_UC,store,64,372,398
CSV,LDST_UC,load,64,329,358
CSV,LDST_WT,store,64,371,398
CSV,LDST_WT,load,64,330,358
CSV,LDST_WB,store,64,372,398
CSV,LDST_WB,load,64,329,358
CSV,TPa,32,99262,0.322
CSV,TPb,32,2477685,0.012
CSV,TPa,128,395020,0.324
CSV,TPb,128,8582751,0.014
CSV,TPa,512,1578133,0.324
CSV,TPb,512,32223065,0.015
[tiny_init] urma_smoke exited status=0
[    3.655530] ycsb_kv[645]: syscall 293
[    3.656079] Code: d2800401 d2800002 d28024a8 d4000001 (3140041f) 
[    3.656647] CPU: 0 PID: 645 Comm: ycsb_kv Tainted: G           O    4.14.0+ #1
[    3.657697] Hardware name: V2P-CA15 (DT)
[    3.658148] task: ffffffc07ba00d00 task.stack: ffffff8008e90000
[    3.658633] PC is at 0x41e180
[    3.659034] LR is at 0x41e15c
[    3.659464] pc : [<000000000041e180>] lr : [<000000000041e15c>] pstate: 40000000
[    3.659972] sp : 0000007ffffffcf0
[    3.660373] x29: 0000007ffffffcf0 x28: 0000000000000008 
[    3.661318] x27: 0000000000000010 x26: 0000000000000010 
[    3.662058] x25: 0000000000000020 x24: 0000000000495008 
[    3.662800] x23: 0000000000000020 x22: 0000000000490818 
[    3.663544] x21: 0000000000493000 x20: 000000000049c7c0 
[    3.664288] x19: 000000000049c000 x18: 0000000000001000 
[    3.665031] x17: 0000000000417900 x16: 0000000000494008 
[    3.665977] x15: 0000000000000001 x14: 0000000000000001 
[    3.666718] x13: 0000000000495860 x12: 0000000000495848 
[    3.667459] x11: 0000000000000000 x10: 0000000000000001 
[    3.668195] x9 : 0000000000000001 x8 : 0000000000000125 
[    3.668933] x7 : 0000000000000285 x6 : ffffffffffffffe0 
[    3.669883] x5 : 0000000000000004 x4 : 0000000000492ac0 
[    3.670626] x3 : 00000000d428bc00 x2 : 0000000000000000 
[    3.671362] x1 : 0000000000000020 x0 : 000000000049c7a0 
CSV,YCSB,A,read,256,256,1584,1590
CSV,YCSB,A,write,256,256,1583,1590
CSV,YCSB,B,read,488,488,2004,206073
CSV,YCSB,B,write,24,24,1584,1590
CSV,YCSB,C,read,512,512,1584,1590
[tiny_init] ycsb_kv exited status=0
[    3.721366] multi_tenant[646]: syscall 293
[    3.721927] Code: d2800401 d2800002 d28024a8 d4000001 (3140041f) 
[    3.722498] CPU: 0 PID: 646 Comm: multi_tenant Tainted: G           O    4.14.0+ #1
[    3.723019] Hardware name: V2P-CA15 (DT)
[    3.723470] task: ffffffc07ba02700 task.stack: ffffff8008e78000
[    3.724501] PC is at 0x41e8c0
[    3.724901] LR is at 0x41e89c
[    3.725331] pc : [<000000000041e8c0>] lr : [<000000000041e89c>] pstate: 40000000
[    3.725840] sp : 0000007ffffffce0
[    3.726242] x29: 0000007ffffffce0 x28: 0000000000000008 
[    3.726980] x27: 0000000000000010 x26: 0000000000000010 
[    3.727721] x25: 0000000000000020 x24: 0000000000494008 
[    3.728669] x23: 0000000000000020 x22: 000000000048f7f8 
[    3.729413] x21: 0000000000492000 x20: 000000000049b7c0 
[    3.730157] x19: 000000000049b000 x18: 0000000000001000 
[    3.730901] x17: 0000000000417500 x16: 0000000000493008 
[    3.731642] x15: 0000000000000001 x14: 0000000000000001 
[    3.732589] x13: 0000000000494860 x12: 0000000000494848 
[    3.733330] x11: 0000000000000000 x10: 0000000000000001 
[    3.734066] x9 : 0000000000000001 x8 : 0000000000000125 
[    3.734804] x7 : 0000000000000286 x6 : ffffffffffffffe0 
[    3.735548] x5 : 0000000000000004 x4 : 0000000000491aa0 
[    3.736291] x3 : 00000000d428bc00 x2 : 0000000000000000 
[    3.737233] x1 : 0000000000000020 x0 : 000000000049b7a0 
CSV,t0,16,16,56249,56267
CSV,t1,16,16,56249,56267
CSV,t2,16,16,56249,56267
[tiny_init] multi_tenant exited status=0
[tiny_init] halting
[    3.797920] reboot: System halted
