[    0.000000] Booting Linux on physical CPU 0x0
[    0.000000] Linux version 4.14.0+ (ubuntu@ubuntu) (gcc version 11.4.0 (Ubuntu 11.4.0-1ubuntu1~22.04.3)) #1 SMP PREEMPT Mon May 25 11:12:48 UTC 2026
[    0.000000] Boot CPU: AArch64 Processor [410fd070]
[    0.000000] Machine model: V2P-CA15
[    0.000000] Memory limited to 2048MB
[    0.000000] cma: Reserved 16 MiB at 0x00000000ff000000
[    0.000000] random: fast init done
[    0.000000] percpu: Embedded 21 pages/cpu @ffffffc07efd8000 s45464 r8192 d32360 u86016
[    0.000000] Detected PIPT I-cache on CPU0
[    0.000000] CPU features: enabling workaround for ARM erratum 832075
[    0.000000] CPU features: enabling workaround for ARM erratum 834220
[    0.000000] Built 1 zonelists, mobility grouping on.  Total pages: 516096
[    0.000000] Kernel command line: console=ttyAMA0 lpj=19988480 norandmaps root=/dev/ram rw mem=2GB
[    0.000000] PID hash table entries: 4096 (order: 3, 32768 bytes)
[    0.000000] Dentry cache hash table entries: 262144 (order: 9, 2097152 bytes)
[    0.000000] Inode-cache hash table entries: 131072 (order: 8, 1048576 bytes)
[    0.000000] Memory: 2032088K/2097152K available (6078K kernel code, 472K rwdata, 3312K rodata, 384K init, 262K bss, 48680K reserved, 16384K cma-reserved)
[    0.000000] Virtual kernel memory layout:
[    0.000000]     modules : 0xffffff8000000000 - 0xffffff8008000000   (   128 MB)
[    0.000000]     vmalloc : 0xffffff8008000000 - 0xffffffbebfff0000   (   250 GB)
[    0.000000]       .text : 0xffffff8008080000 - 0xffffff8008670000   (  6080 KB)
[    0.000000]     .rodata : 0xffffff8008670000 - 0xffffff80089b0000   (  3328 KB)
[    0.000000]       .init : 0xffffff80089b0000 - 0xffffff8008a10000   (   384 KB)
[    0.000000]       .data : 0xffffff8008a10000 - 0xffffff8008a86008   (   473 KB)
[    0.000000]        .bss : 0xffffff8008a86008 - 0xffffff8008ac7970   (   263 KB)
[    0.000000]     fixed   : 0xffffffbefe7fd000 - 0xffffffbefec00000   (  4108 KB)
[    0.000000]     PCI I/O : 0xffffffbefee00000 - 0xffffffbeffe00000   (    16 MB)
[    0.000000]     vmemmap : 0xffffffbf00000000 - 0xffffffc000000000   (     4 GB maximum)
[    0.000000]               0xffffffbf00000000 - 0xffffffbf02000000   (    32 MB actual)
[    0.000000]     memory  : 0xffffffc000000000 - 0xffffffc080000000   (  2048 MB)
[    0.000000] SLUB: HWalign=64, Order=0-3, MinObjects=0, CPUs=1, Nodes=1
[    0.000000] Preemptible hierarchical RCU implementation.
[    0.000000] 	RCU restricting CPUs from NR_CPUS=256 to nr_cpu_ids=1.
[    0.000000] 	Tasks RCU enabled.
[    0.000000] RCU: Adjusting geometry for rcu_fanout_leaf=16, nr_cpu_ids=1
[    0.000000] NR_IRQS: 64, nr_irqs: 64, preallocated irqs: 0
[    0.000000] clk_gem5_energy_ctrl: No cpu-map in DT! Falling back to old detection method!
[    0.000000] clk_gem5_energy_ctrl: No clusters in DT! Falling back to using CPU topology!
[    0.000002] sched_clock: 32 bits at 24MHz, resolution 41ns, wraps every 89478484971ns
[    0.000065] arch_timer: Unable to find a suitable frame in timer @ 0x000000002a810000
[    0.000069] Failed to initialize '/timer@2a810000': -22
[    0.000106] Console: colour dummy device 80x25
[    0.000112] Calibrating delay loop (skipped) preset value.. 9994.24 BogoMIPS (lpj=19988480)
[    0.000117] pid_max: default: 32768 minimum: 301
[    0.000144] Mount-cache hash table entries: 4096 (order: 3, 32768 bytes)
[    0.000150] Mountpoint-cache hash table entries: 4096 (order: 3, 32768 bytes)
[    0.016075] ASID allocator initialised with 256 entries
[    0.024070] Hierarchical SRCU implementation.
[    0.040082] smp: Bringing up secondary CPUs ...
[    0.040085] smp: Brought up 1 node, 1 CPU
[    0.040088] SMP: Total of 1 processors activated.
[    0.040092] CPU features: detected feature: Privileged Access Never
[    0.040094] CPU features: detected feature: User Access Override
[    0.040097] CPU features: detected feature: 32-bit EL0 Support
[    0.040128] CPU: All CPU(s) started at EL2
[    0.040133] alternatives: patching kernel code
[    0.040802] devtmpfs: initialized
[    0.041260] clocksource: jiffies: mask: 0xffffffff max_cycles: 0xffffffff, max_idle_ns: 7645041785100000 ns
[    0.041266] futex hash table entries: 256 (order: 3, 32768 bytes)
[    0.041962] NET: Registered protocol family 16
[    0.120547] cpuidle: using governor menu
[    0.120571] vdso: 2 pages (1 code @ ffffff8008676000, 1 data @ ffffff8008a14000)
[    0.120578] hw-breakpoint: found 16 breakpoint and 16 watchpoint registers.
[    0.120852] DMA: preallocated 256 KiB pool for atomic allocations
[    0.120855] Serial: AMBA PL011 UART driver
[    0.120968] OF: amba_device_add() failed (-2) for /watchdog@2a490000
[    0.121077] OF: amba_device_add() failed (-2) for /watchdog@2b060000
[    0.121152] 1c090000.uart: ttyAMA0 at MMIO 0x1c090000 (irq = 13, base_baud = 0) is a PL011 rev3
[    0.123593] console [ttyAMA0] enabled
[    0.123868] 1c0a0000.uart: ttyAMA1 at MMIO 0x1c0a0000 (irq = 14, base_baud = 0) is a PL011 rev3
[    0.124075] 1c0b0000.uart: ttyAMA2 at MMIO 0x1c0b0000 (irq = 15, base_baud = 0) is a PL011 rev3
[    0.124315] 1c0c0000.uart: ttyAMA3 at MMIO 0x1c0c0000 (irq = 16, base_baud = 0) is a PL011 rev3
[    0.124477] OF: amba_device_add() failed (-2) for /kmi@1c060000
[    0.124541] OF: amba_device_add() failed (-2) for /kmi@1c070000
[    0.124606] OF: /watchdog@1c0f0000: could not find phandle
[    0.124639] ERROR: could not get clock /watchdog@1c0f0000:apb_pclk(1)
[    0.124678] OF: amba_device_add() failed (-2) for /watchdog@1c0f0000
[    0.124743] OF: /rtc@1c170000: could not find phandle
[    0.124775] ERROR: could not get clock /rtc@1c170000:apb_pclk(0)
[    0.124811] OF: amba_device_add() failed (-2) for /rtc@1c170000
[    0.136603] HugeTLB registered 2.00 MiB page size, pre-allocated 0 pages
[    0.144376] vgaarb: loaded
[    0.144458] SCSI subsystem initialized
[    0.148287] usbcore: registered new interface driver usbfs
[    0.148333] usbcore: registered new interface driver hub
[    0.148376] usbcore: registered new device driver usb
[    0.148429] pps_core: LinuxPPS API ver. 1 registered
[    0.148460] pps_core: Software ver. 5.3.6 - Copyright 2005-2007 Rodolfo Giometti <giometti@linux.it>
[    0.148516] PTP clock support registered
[    0.152036] NET: Registered protocol family 2
[    0.152264] TCP established hash table entries: 16384 (order: 5, 131072 bytes)
[    0.152385] TCP bind hash table entries: 16384 (order: 6, 262144 bytes)
[    0.152567] TCP: Hash tables configured (established 16384 bind 16384)
[    0.152646] UDP hash table entries: 1024 (order: 3, 32768 bytes)
[    0.152702] UDP-Lite hash table entries: 1024 (order: 3, 32768 bytes)
[    0.152805] NET: Registered protocol family 1
[    0.160277] RPC: Registered named UNIX socket transport module.
[    0.160315] RPC: Registered udp transport module.
[    0.160343] RPC: Registered tcp transport module.
[    0.160372] RPC: Registered tcp NFSv4.1 backchannel transport module.
[    0.160463] Unpacking initramfs...
[    0.163110] Freeing initrd memory: 2084K
[    0.163309] kvm [1]: 16-bit VMID
[    0.163331] kvm [1]: IDMAP page: 80667000
[    0.163357] kvm [1]: HYP VA range: 4000000000:7fffffffff
[    0.163549] kvm [1]: vgic-v2@2c004000
[    0.163628] kvm [1]: vgic interrupt IRQ1
[    0.163654] kvm [1]: kvm_arch_timer: uninitialized timecounter
[    0.164611] workingset: timestamp_bits=62 max_order=19 bucket_order=0
[    0.169293] fuse init (API version 7.26)
[    0.169935] io scheduler noop registered
[    0.170020] io scheduler cfq registered (default)
[    0.170050] io scheduler mq-deadline registered
[    0.170078] io scheduler kyber registered
[    0.170149] atomic64_test: passed
[    0.170492] OF: PCI: host bridge /pci ranges:
[    0.170522] OF: PCI:   No bus range found for /pci, using [bus 00-ff]
[    0.170564] OF: PCI:    IO 0x2f000000..0x2f00ffff -> 0x00000000
[    0.170602] OF: PCI:   MEM 0x40000000..0x7fffffff -> 0x00000000
[    0.170651] pci-host-generic 30000000.pci: ECAM at [mem 0x30000000-0x3fffffff] for [bus 00-ff]
[    0.170733] pci-host-generic 30000000.pci: PCI host bridge to bus 0000:00
[    0.170775] pci_bus 0000:00: root bus resource [bus 00-ff]
[    0.170809] pci_bus 0000:00: root bus resource [io  0x0000-0xffff]
[    0.170848] pci_bus 0000:00: root bus resource [mem 0x40000000-0x7fffffff] (bus address [0x00000000-0x3fffffff])
[    0.172651] Serial: 8250/16550 driver, 4 ports, IRQ sharing disabled
[    0.176680] libphy: Fixed MDIO Bus: probed
[    0.176709] e1000: Intel(R) PRO/1000 Network Driver - version 7.3.21-k8-NAPI
[    0.176751] e1000: Copyright (c) 1999-2006 Intel Corporation.
[    0.176797] e1000e: Intel(R) PRO/1000 Network Driver - 3.2.6-k
[    0.176832] e1000e: Copyright(c) 1999 - 2015 Intel Corporation.
[    0.176878] igb: Intel(R) Gigabit Ethernet Network Driver - version 5.4.0-k
[    0.176919] igb: Copyright (c) 2007-2014 Intel Corporation.
[    0.176964] ixgbe: Intel(R) 10 Gigabit PCI Express Network Driver - version 5.1.0-k
[    0.177009] ixgbe: Copyright (c) 1999-2016 Intel Corporation.
[    0.180491] ixgbevf: Intel(R) 10 Gigabit PCI Express Virtual Function Network Driver - version 4.1.0-k
[    0.180546] ixgbevf: Copyright (c) 2009 - 2015 Intel Corporation.
[    0.184363] i40e: Intel(R) Ethernet Connection XL710 Network Driver - version 2.1.14-k
[    0.184410] i40e: Copyright (c) 2013 - 2014 Intel Corporation.
[    0.188326] ixgb: Intel(R) PRO/10GbE Network Driver - version 1.0.135-k2-NAPI
[    0.188368] ixgb: Copyright (c) 1999-2008 Intel Corporation.
[    0.188414] i40evf: Intel(R) 40-10 Gigabit Virtual Function Network Driver - version 3.0.0-k
[    0.188463] Copyright (c) 2013 - 2015 Intel Corporation.
[    0.192413] usbcore: registered new interface driver usb-storage
[    0.192654] mousedev: PS/2 mouse device common for all mice
[    0.192744] IR NEC protocol handler initialized
[    0.192772] IR RC5(x/sz) protocol handler initialized
[    0.192803] IR RC6 protocol handler initialized
[    0.192831] IR JVC protocol handler initialized
[    0.192858] IR Sony protocol handler initialized
[    0.192887] IR SANYO protocol handler initialized
[    0.192916] IR Sharp protocol handler initialized
[    0.192944] IR MCE Keyboard/mouse protocol handler initialized
[    0.192979] IR XMP protocol handler initialized
[    0.193052] gem5 DVFS handler is disabled
[    0.193078] gem5-energy-ctrl loaded at ffffff8008b1d000
[    0.193110] gem5_energy_ctrl_mc: gem5_mc_init: DVFS handler in energy controller is disabled,                         ARM gem5 multi-cluster cpufreq driver                         will not be registered
[    0.193380] usbcore: registered new interface driver usbhid
[    0.193414] usbhid: USB HID core driver
[    0.193485] NET: Registered protocol family 17
[    0.194365] Freeing unused kernel memory: 384K
[    0.194559] init[1]: syscall 293
[    0.194583] Code: d2800401 d2800002 d28024a8 d4000001 (3140041f) 
[    0.194621] CPU: 0 PID: 1 Comm: init Not tainted 4.14.0+ #1
[    0.194654] Hardware name: V2P-CA15 (DT)
[    0.194679] task: ffffffc07c450000 task.stack: ffffff8008010000
[    0.194715] PC is at 0x41e3c0
[    0.194735] LR is at 0x41e39c
[    0.194755] pc : [<000000000041e3c0>] lr : [<000000000041e39c>] pstate: 40000000
[    0.194798] sp : 0000007ffffffcf0
[    0.194820] x29: 0000007ffffffcf0 x28: 0000000000000008 
[    0.194855] x27: 0000000000000010 x26: 0000000000000010 
[    0.194889] x25: 0000000000000020 x24: 0000000000495008 
[    0.194924] x23: 0000000000000020 x22: 00000000004907f8 
[    0.194958] x21: 0000000000493000 x20: 000000000049c7c0 
[    0.194993] x19: 000000000049c000 x18: 0000000000001000 
[    0.195027] x17: 0000000000416e00 x16: 0000000000494008 
[    0.195062] x15: 0000000000000001 x14: 0000000000000001 
[    0.195096] x13: 0000000000495860 x12: 0000000000495848 
[    0.195130] x11: 0000000000000000 x10: 0000000000000001 
[    0.195165] x9 : 0000000000000001 x8 : 0000000000000125 
[    0.195199] x7 : 0000000000000001 x6 : ffffffffffffffe0 
[    0.195234] x5 : 0000000000000004 x4 : 0000000000492aa0 
[    0.195268] x3 : 00000000d428bc00 x2 : 0000000000000000 
[    0.195303] x1 : 0000000000000020 x0 : 000000000049c7a0 
[tiny_init] kernel booted, mounting done
[    0.195788] uburma: loading out-of-tree module taints kernel.
[    0.196069] uburma: registered /dev/uburma0, iomem=ffffff800a000000 (phys 0x2d000000)
[tiny_init] uburma loaded
